Removed Pin From Net: NetName=VCC12V Pin=JP9-1
Added Component: Designator=C1(C0603_L)
Add component (AddParameter): Name = "BOM名称"; Value = "无极性贴片电容"; VariantName = "[No Variations]"
Add component (AddParameter): Name = "学习资源"; Value = "www.ooocke.com"; VariantName = "[No Variations]"
Add component (AddParameter): Name = "材质"; Value = "X7R"; VariantName = "[No Variations]"
Add component (AddParameter): Name = "版权归属"; Value = "源创客"; VariantName = "[No Variations]"
Added Component: Designator=C2(C0603_L)
Add component (AddParameter): Name = "BOM名称"; Value = "无极性贴片电容"; VariantName = "[No Variations]"
Add component (AddParameter): Name = "学习资源"; Value = "www.ooocke.com"; VariantName = "[No Variations]"
Add component (AddParameter): Name = "材质"; Value = "X7R"; VariantName = "[No Variations]"
Add component (AddParameter): Name = "版权归属"; Value = "源创客"; VariantName = "[No Variations]"
Added Component: Designator=C3(C0603_L)
Add component (AddParameter): Name = "BOM名称"; Value = "无极性贴片电容"; VariantName = "[No Variations]"
Add component (AddParameter): Name = "学习资源"; Value = "www.ooocke.com"; VariantName = "[No Variations]"
Add component (AddParameter): Name = "材质"; Value = "X7R"; VariantName = "[No Variations]"
Add component (AddParameter): Name = "版权归属"; Value = "源创客"; VariantName = "[No Variations]"
Added Component: Designator=C4(C0603_L)
Add component (AddParameter): Name = "BOM名称"; Value = "无极性贴片电容"; VariantName = "[No Variations]"
Add component (AddParameter): Name = "学习资源"; Value = "www.ooocke.com"; VariantName = "[No Variations]"
Add component (AddParameter): Name = "材质"; Value = "X7R"; VariantName = "[No Variations]"
Add component (AddParameter): Name = "版权归属"; Value = "源创客"; VariantName = "[No Variations]"
Added Component: Designator=C5(C0603_L)
Add component (AddParameter): Name = "BOM名称"; Value = "无极性贴片电容"; VariantName = "[No Variations]"
Add component (AddParameter): Name = "学习资源"; Value = "www.ooocke.com"; VariantName = "[No Variations]"
Add component (AddParameter): Name = "材质"; Value = "X7R"; VariantName = "[No Variations]"
Add component (AddParameter): Name = "版权归属"; Value = "源创客"; VariantName = "[No Variations]"
Added Component: Designator=C6(C0603_L)
Add component (AddParameter): Name = "BOM名称"; Value = "无极性贴片电容"; VariantName = "[No Variations]"
Add component (AddParameter): Name = "学习资源"; Value = "www.ooocke.com"; VariantName = "[No Variations]"
Add component (AddParameter): Name = "材质"; Value = "X7R"; VariantName = "[No Variations]"
Add component (AddParameter): Name = "版权归属"; Value = "源创客"; VariantName = "[No Variations]"
Added Component: Designator=C7(C0603_L)
Add component (AddParameter): Name = "BOM名称"; Value = "无极性贴片电容"; VariantName = "[No Variations]"
Add component (AddParameter): Name = "学习资源"; Value = "www.ooocke.com"; VariantName = "[No Variations]"
Add component (AddParameter): Name = "材质"; Value = "X7R"; VariantName = "[No Variations]"
Add component (AddParameter): Name = "版权归属"; Value = "源创客"; VariantName = "[No Variations]"
Added Component: Designator=C8(C0603_L)
Add component (AddParameter): Name = "BOM名称"; Value = "无极性贴片电容"; VariantName = "[No Variations]"
Add component (AddParameter): Name = "学习资源"; Value = "www.ooocke.com"; VariantName = "[No Variations]"
Add component (AddParameter): Name = "材质"; Value = "X7R"; VariantName = "[No Variations]"
Add component (AddParameter): Name = "版权归属"; Value = "源创客"; VariantName = "[No Variations]"
Added Component: Designator=C9(C0603_L)
Add component (AddParameter): Name = "BOM名称"; Value = "无极性贴片电容"; VariantName = "[No Variations]"
Add component (AddParameter): Name = "学习资源"; Value = "www.ooocke.com"; VariantName = "[No Variations]"
Add component (AddParameter): Name = "材质"; Value = "X7R"; VariantName = "[No Variations]"
Add component (AddParameter): Name = "版权归属"; Value = "源创客"; VariantName = "[No Variations]"
Added Component: Designator=C10(C0603_L)
Add component (AddParameter): Name = "BOM名称"; Value = "无极性贴片电容"; VariantName = "[No Variations]"
Add component (AddParameter): Name = "学习资源"; Value = "www.ooocke.com"; VariantName = "[No Variations]"
Add component (AddParameter): Name = "材质"; Value = "X7R"; VariantName = "[No Variations]"
Add component (AddParameter): Name = "版权归属"; Value = "源创客"; VariantName = "[No Variations]"
Added Component: Designator=C11(C0603_L)
Add component (AddParameter): Name = "BOM名称"; Value = "无极性贴片电容"; VariantName = "[No Variations]"
Add component (AddParameter): Name = "学习资源"; Value = "www.ooocke.com"; VariantName = "[No Variations]"
Add component (AddParameter): Name = "材质"; Value = "X7R"; VariantName = "[No Variations]"
Add component (AddParameter): Name = "版权归属"; Value = "源创客"; VariantName = "[No Variations]"
Added Component: Designator=C12(C0603_L)
Add component (AddParameter): Name = "BOM名称"; Value = "无极性贴片电容"; VariantName = "[No Variations]"
Add component (AddParameter): Name = "学习资源"; Value = "www.ooocke.com"; VariantName = "[No Variations]"
Add component (AddParameter): Name = "材质"; Value = "X7R"; VariantName = "[No Variations]"
Add component (AddParameter): Name = "版权归属"; Value = "源创客"; VariantName = "[No Variations]"
Added Component: Designator=C13(C0603_L)
Add component (AddParameter): Name = "BOM名称"; Value = "无极性贴片电容"; VariantName = "[No Variations]"
Add component (AddParameter): Name = "学习资源"; Value = "www.ooocke.com"; VariantName = "[No Variations]"
Add component (AddParameter): Name = "材质"; Value = "X7R"; VariantName = "[No Variations]"
Add component (AddParameter): Name = "版权归属"; Value = "源创客"; VariantName = "[No Variations]"
Added Component: Designator=C14(C0603_L)
Add component (AddParameter): Name = "BOM名称"; Value = "无极性贴片电容"; VariantName = "[No Variations]"
Add component (AddParameter): Name = "学习资源"; Value = "www.ooocke.com"; VariantName = "[No Variations]"
Add component (AddParameter): Name = "材质"; Value = "X7R"; VariantName = "[No Variations]"
Add component (AddParameter): Name = "版权归属"; Value = "源创客"; VariantName = "[No Variations]"
Added Component: Designator=C15(C0603_L)
Add component (AddParameter): Name = "BOM名称"; Value = "无极性贴片电容"; VariantName = "[No Variations]"
Add component (AddParameter): Name = "学习资源"; Value = "www.ooocke.com"; VariantName = "[No Variations]"
Add component (AddParameter): Name = "材质"; Value = "X7R"; VariantName = "[No Variations]"
Add component (AddParameter): Name = "版权归属"; Value = "源创客"; VariantName = "[No Variations]"
Added Component: Designator=C16(C0603_L)
Add component (AddParameter): Name = "BOM名称"; Value = "无极性贴片电容"; VariantName = "[No Variations]"
Add component (AddParameter): Name = "学习资源"; Value = "www.ooocke.com"; VariantName = "[No Variations]"
Add component (AddParameter): Name = "材质"; Value = "X7R"; VariantName = "[No Variations]"
Add component (AddParameter): Name = "版权归属"; Value = "源创客"; VariantName = "[No Variations]"
Added Component: Designator=C17(C0603_L)
Add component (AddParameter): Name = "BOM名称"; Value = "无极性贴片电容"; VariantName = "[No Variations]"
Add component (AddParameter): Name = "学习资源"; Value = "www.ooocke.com"; VariantName = "[No Variations]"
Add component (AddParameter): Name = "材质"; Value = "X7R"; VariantName = "[No Variations]"
Add component (AddParameter): Name = "版权归属"; Value = "源创客"; VariantName = "[No Variations]"
Added Component: Designator=C18(C0603_L)
Add component (AddParameter): Name = "BOM名称"; Value = "无极性贴片电容"; VariantName = "[No Variations]"
Add component (AddParameter): Name = "学习资源"; Value = "www.ooocke.com"; VariantName = "[No Variations]"
Add component (AddParameter): Name = "材质"; Value = "X7R"; VariantName = "[No Variations]"
Add component (AddParameter): Name = "版权归属"; Value = "源创客"; VariantName = "[No Variations]"
Added Component: Designator=C19(C0603_L)
Add component (AddParameter): Name = "BOM名称"; Value = "无极性贴片电容"; VariantName = "[No Variations]"
Add component (AddParameter): Name = "学习资源"; Value = "www.ooocke.com"; VariantName = "[No Variations]"
Add component (AddParameter): Name = "材质"; Value = "X7R"; VariantName = "[No Variations]"
Add component (AddParameter): Name = "版权归属"; Value = "源创客"; VariantName = "[No Variations]"
Added Component: Designator=C20(C0603_L)
Add component (AddParameter): Name = "BOM名称"; Value = "无极性贴片电容"; VariantName = "[No Variations]"
Add component (AddParameter): Name = "学习资源"; Value = "www.ooocke.com"; VariantName = "[No Variations]"
Add component (AddParameter): Name = "材质"; Value = "X7R"; VariantName = "[No Variations]"
Add component (AddParameter): Name = "版权归属"; Value = "源创客"; VariantName = "[No Variations]"
Added Component: Designator=C21(C0603_L)
Add component (AddParameter): Name = "BOM名称"; Value = "无极性贴片电容"; VariantName = "[No Variations]"
Add component (AddParameter): Name = "学习资源"; Value = "www.ooocke.com"; VariantName = "[No Variations]"
Add component (AddParameter): Name = "材质"; Value = "X7R"; VariantName = "[No Variations]"
Add component (AddParameter): Name = "版权归属"; Value = "源创客"; VariantName = "[No Variations]"
Added Component: Designator=C22(C0402_L)
Add component (AddParameter): Name = "BOM名称"; Value = "无极性贴片电容"; VariantName = "[No Variations]"
Add component (AddParameter): Name = "学习资源"; Value = "www.ooocke.com"; VariantName = "[No Variations]"
Add component (AddParameter): Name = "材质"; Value = "X7R"; VariantName = "[No Variations]"
Add component (AddParameter): Name = "版权归属"; Value = "源创客"; VariantName = "[No Variations]"
Added Component: Designator=C23(C0402_L)
Add component (AddParameter): Name = "BOM名称"; Value = "无极性贴片电容"; VariantName = "[No Variations]"
Add component (AddParameter): Name = "学习资源"; Value = "www.ooocke.com"; VariantName = "[No Variations]"
Add component (AddParameter): Name = "材质"; Value = "X7R"; VariantName = "[No Variations]"
Add component (AddParameter): Name = "版权归属"; Value = "源创客"; VariantName = "[No Variations]"
Added Component: Designator=C24(C0402_L)
Add component (AddParameter): Name = "BOM名称"; Value = "无极性贴片电容"; VariantName = "[No Variations]"
Add component (AddParameter): Name = "学习资源"; Value = "www.ooocke.com"; VariantName = "[No Variations]"
Add component (AddParameter): Name = "材质"; Value = "X7R"; VariantName = "[No Variations]"
Add component (AddParameter): Name = "版权归属"; Value = "源创客"; VariantName = "[No Variations]"
Added Component: Designator=D1(SOD-323)
Add component (AddParameter): Name = "BOM名称"; Value = "肖特基二极管"; VariantName = "[No Variations]"
Add component (AddParameter): Name = "学习资源"; Value = "www.ooocke.com"; VariantName = "[No Variations]"
Add component (AddParameter): Name = "属性"; Value = "40V/2A"; VariantName = "[No Variations]"
Add component (AddParameter): Name = "版权归属"; Value = "源创客"; VariantName = "[No Variations]"
Added Component: Designator=L1(NR4020)
Add component (AddParameter): Name = "BOM名称"; Value = "小功率贴片电感"; VariantName = "[No Variations]"
Add component (AddParameter): Name = "学习资源"; Value = "www.ooocke.com"; VariantName = "[No Variations]"
Add component (AddParameter): Name = "版权归属"; Value = "源创客"; VariantName = "[No Variations]"
Added Component: Designator=Q1(DFN8-L3.0-W3.0-P0.65_EP)
Add component (AddParameter): Name = "BOM名称"; Value = "场效应管"; VariantName = "[No Variations]"
Add component (AddParameter): Name = "学习资源"; Value = "www.ooocke.com"; VariantName = "[No Variations]"
Add component (AddParameter): Name = "描述"; Value = "P沟道 30V/4.2A"; VariantName = "[No Variations]"
Add component (AddParameter): Name = "版权归属"; Value = "源创客"; VariantName = "[No Variations]"
Added Component: Designator=R1(R0603_L)
Add component (AddParameter): Name = "BOM名称"; Value = "贴片电阻"; VariantName = "[No Variations]"
Add component (AddParameter): Name = "学习资源"; Value = "www.ooocke.com"; VariantName = "[No Variations]"
Add component (AddParameter): Name = "版权归属"; Value = "源创客"; VariantName = "[No Variations]"
Added Component: Designator=R2(R0603_L)
Add component (AddParameter): Name = "BOM名称"; Value = "贴片电阻"; VariantName = "[No Variations]"
Add component (AddParameter): Name = "学习资源"; Value = "www.ooocke.com"; VariantName = "[No Variations]"
Add component (AddParameter): Name = "版权归属"; Value = "源创客"; VariantName = "[No Variations]"
Added Component: Designator=R3(R0603_L)
Add component (AddParameter): Name = "BOM名称"; Value = "贴片电阻"; VariantName = "[No Variations]"
Add component (AddParameter): Name = "学习资源"; Value = "www.ooocke.com"; VariantName = "[No Variations]"
Add component (AddParameter): Name = "版权归属"; Value = "源创客"; VariantName = "[No Variations]"
Added Component: Designator=R4(R0603_L)
Add component (AddParameter): Name = "BOM名称"; Value = "贴片电阻"; VariantName = "[No Variations]"
Add component (AddParameter): Name = "学习资源"; Value = "www.ooocke.com"; VariantName = "[No Variations]"
Add component (AddParameter): Name = "版权归属"; Value = "源创客"; VariantName = "[No Variations]"
Added Component: Designator=R5(R0603_L)
Add component (AddParameter): Name = "BOM名称"; Value = "贴片电阻"; VariantName = "[No Variations]"
Add component (AddParameter): Name = "学习资源"; Value = "www.ooocke.com"; VariantName = "[No Variations]"
Add component (AddParameter): Name = "版权归属"; Value = "源创客"; VariantName = "[No Variations]"
Added Component: Designator=R6(R0603_L)
Add component (AddParameter): Name = "BOM名称"; Value = "贴片电阻"; VariantName = "[No Variations]"
Add component (AddParameter): Name = "学习资源"; Value = "www.ooocke.com"; VariantName = "[No Variations]"
Add component (AddParameter): Name = "版权归属"; Value = "源创客"; VariantName = "[No Variations]"
Added Component: Designator=R7(R0603_L)
Add component (AddParameter): Name = "BOM名称"; Value = "贴片电阻"; VariantName = "[No Variations]"
Add component (AddParameter): Name = "学习资源"; Value = "www.ooocke.com"; VariantName = "[No Variations]"
Add component (AddParameter): Name = "版权归属"; Value = "源创客"; VariantName = "[No Variations]"
Added Component: Designator=R8(R0603_L)
Add component (AddParameter): Name = "BOM名称"; Value = "贴片电阻"; VariantName = "[No Variations]"
Add component (AddParameter): Name = "学习资源"; Value = "www.ooocke.com"; VariantName = "[No Variations]"
Add component (AddParameter): Name = "版权归属"; Value = "源创客"; VariantName = "[No Variations]"
Added Component: Designator=R9(R0603_L)
Add component (AddParameter): Name = "BOM名称"; Value = "贴片电阻"; VariantName = "[No Variations]"
Add component (AddParameter): Name = "学习资源"; Value = "www.ooocke.com"; VariantName = "[No Variations]"
Add component (AddParameter): Name = "版权归属"; Value = "源创客"; VariantName = "[No Variations]"
Added Component: Designator=R10(R0603_L)
Add component (AddParameter): Name = "BOM名称"; Value = "贴片电阻"; VariantName = "[No Variations]"
Add component (AddParameter): Name = "学习资源"; Value = "www.ooocke.com"; VariantName = "[No Variations]"
Add component (AddParameter): Name = "版权归属"; Value = "源创客"; VariantName = "[No Variations]"
Added Component: Designator=R11(R0603_L)
Add component (AddParameter): Name = "BOM名称"; Value = "贴片电阻"; VariantName = "[No Variations]"
Add component (AddParameter): Name = "学习资源"; Value = "www.ooocke.com"; VariantName = "[No Variations]"
Add component (AddParameter): Name = "版权归属"; Value = "源创客"; VariantName = "[No Variations]"
Added Component: Designator=R12(R0603_L)
Add component (AddParameter): Name = "BOM名称"; Value = "贴片电阻"; VariantName = "[No Variations]"
Add component (AddParameter): Name = "学习资源"; Value = "www.ooocke.com"; VariantName = "[No Variations]"
Add component (AddParameter): Name = "版权归属"; Value = "源创客"; VariantName = "[No Variations]"
Added Component: Designator=R13(R0603_L)
Add component (AddParameter): Name = "BOM名称"; Value = "贴片电阻"; VariantName = "[No Variations]"
Add component (AddParameter): Name = "学习资源"; Value = "www.ooocke.com"; VariantName = "[No Variations]"
Add component (AddParameter): Name = "版权归属"; Value = "源创客"; VariantName = "[No Variations]"
Added Component: Designator=R14(R0603_L)
Add component (AddParameter): Name = "BOM名称"; Value = "贴片电阻"; VariantName = "[No Variations]"
Add component (AddParameter): Name = "学习资源"; Value = "www.ooocke.com"; VariantName = "[No Variations]"
Add component (AddParameter): Name = "版权归属"; Value = "源创客"; VariantName = "[No Variations]"
Added Component: Designator=R15(R0603_L)
Add component (AddParameter): Name = "BOM名称"; Value = "贴片电阻"; VariantName = "[No Variations]"
Add component (AddParameter): Name = "学习资源"; Value = "www.ooocke.com"; VariantName = "[No Variations]"
Add component (AddParameter): Name = "版权归属"; Value = "源创客"; VariantName = "[No Variations]"
Added Component: Designator=R16(R0603_L)
Add component (AddParameter): Name = "BOM名称"; Value = "贴片电阻"; VariantName = "[No Variations]"
Add component (AddParameter): Name = "学习资源"; Value = "www.ooocke.com"; VariantName = "[No Variations]"
Add component (AddParameter): Name = "版权归属"; Value = "源创客"; VariantName = "[No Variations]"
Added Component: Designator=R17(R0603_L)
Add component (AddParameter): Name = "BOM名称"; Value = "贴片电阻"; VariantName = "[No Variations]"
Add component (AddParameter): Name = "学习资源"; Value = "www.ooocke.com"; VariantName = "[No Variations]"
Add component (AddParameter): Name = "版权归属"; Value = "源创客"; VariantName = "[No Variations]"
Added Component: Designator=R18(R0603_L)
Add component (AddParameter): Name = "BOM名称"; Value = "贴片电阻"; VariantName = "[No Variations]"
Add component (AddParameter): Name = "学习资源"; Value = "www.ooocke.com"; VariantName = "[No Variations]"
Add component (AddParameter): Name = "版权归属"; Value = "源创客"; VariantName = "[No Variations]"
Added Component: Designator=R19(R0402_L)
Add component (AddParameter): Name = "BOM名称"; Value = "贴片电阻"; VariantName = "[No Variations]"
Add component (AddParameter): Name = "学习资源"; Value = "www.ooocke.com"; VariantName = "[No Variations]"
Add component (AddParameter): Name = "版权归属"; Value = "源创客"; VariantName = "[No Variations]"
Added Component: Designator=R20(R0603_L)
Add component (AddParameter): Name = "BOM名称"; Value = "贴片电阻"; VariantName = "[No Variations]"
Add component (AddParameter): Name = "学习资源"; Value = "www.ooocke.com"; VariantName = "[No Variations]"
Add component (AddParameter): Name = "版权归属"; Value = "源创客"; VariantName = "[No Variations]"
Added Component: Designator=TP1(P100_H2)
Add component (AddParameter): Name = "BOM名称"; Value = "测试点"; VariantName = "[No Variations]"
Add component (AddParameter): Name = "学习资源"; Value = "www.ooocke.com"; VariantName = "[No Variations]"
Add component (AddParameter): Name = "版权归属"; Value = "源创客"; VariantName = "[No Variations]"
Added Component: Designator=TP2(P100_H2)
Add component (AddParameter): Name = "BOM名称"; Value = "测试点"; VariantName = "[No Variations]"
Add component (AddParameter): Name = "学习资源"; Value = "www.ooocke.com"; VariantName = "[No Variations]"
Add component (AddParameter): Name = "版权归属"; Value = "源创客"; VariantName = "[No Variations]"
Added Component: Designator=TP3(P100_H2)
Add component (AddParameter): Name = "BOM名称"; Value = "测试点"; VariantName = "[No Variations]"
Add component (AddParameter): Name = "学习资源"; Value = "www.ooocke.com"; VariantName = "[No Variations]"
Add component (AddParameter): Name = "版权归属"; Value = "源创客"; VariantName = "[No Variations]"
Added Component: Designator=TP4(P100_H2)
Add component (AddParameter): Name = "BOM名称"; Value = "测试点"; VariantName = "[No Variations]"
Add component (AddParameter): Name = "学习资源"; Value = "www.ooocke.com"; VariantName = "[No Variations]"
Add component (AddParameter): Name = "版权归属"; Value = "源创客"; VariantName = "[No Variations]"
Added Component: Designator=TP5(P100_H2)
Add component (AddParameter): Name = "BOM名称"; Value = "测试点"; VariantName = "[No Variations]"
Add component (AddParameter): Name = "学习资源"; Value = "www.ooocke.com"; VariantName = "[No Variations]"
Add component (AddParameter): Name = "版权归属"; Value = "源创客"; VariantName = "[No Variations]"
Added Component: Designator=TP6(P100_H2)
Add component (AddParameter): Name = "BOM名称"; Value = "测试点"; VariantName = "[No Variations]"
Add component (AddParameter): Name = "学习资源"; Value = "www.ooocke.com"; VariantName = "[No Variations]"
Add component (AddParameter): Name = "版权归属"; Value = "源创客"; VariantName = "[No Variations]"
Added Component: Designator=TP7(P100_H5)
Add component (AddParameter): Name = "BOM名称"; Value = "测试点"; VariantName = "[No Variations]"
Add component (AddParameter): Name = "学习资源"; Value = "www.ooocke.com"; VariantName = "[No Variations]"
Add component (AddParameter): Name = "版权归属"; Value = "源创客"; VariantName = "[No Variations]"
Added Component: Designator=TP8(P100_H5)
Add component (AddParameter): Name = "BOM名称"; Value = "测试点"; VariantName = "[No Variations]"
Add component (AddParameter): Name = "学习资源"; Value = "www.ooocke.com"; VariantName = "[No Variations]"
Add component (AddParameter): Name = "版权归属"; Value = "源创客"; VariantName = "[No Variations]"
Added Component: Designator=TP9(P100_H5)
Add component (AddParameter): Name = "BOM名称"; Value = "测试点"; VariantName = "[No Variations]"
Add component (AddParameter): Name = "学习资源"; Value = "www.ooocke.com"; VariantName = "[No Variations]"
Add component (AddParameter): Name = "版权归属"; Value = "源创客"; VariantName = "[No Variations]"
Added Component: Designator=TP10(P100_H5)
Add component (AddParameter): Name = "BOM名称"; Value = "测试点"; VariantName = "[No Variations]"
Add component (AddParameter): Name = "学习资源"; Value = "www.ooocke.com"; VariantName = "[No Variations]"
Add component (AddParameter): Name = "版权归属"; Value = "源创客"; VariantName = "[No Variations]"
Added Component: Designator=TP11(P100_H2)
Add component (AddParameter): Name = "BOM名称"; Value = "测试点"; VariantName = "[No Variations]"
Add component (AddParameter): Name = "学习资源"; Value = "www.ooocke.com"; VariantName = "[No Variations]"
Add component (AddParameter): Name = "版权归属"; Value = "源创客"; VariantName = "[No Variations]"
Added Component: Designator=TP12(P100_H2)
Add component (AddParameter): Name = "BOM名称"; Value = "测试点"; VariantName = "[No Variations]"
Add component (AddParameter): Name = "学习资源"; Value = "www.ooocke.com"; VariantName = "[No Variations]"
Add component (AddParameter): Name = "版权归属"; Value = "源创客"; VariantName = "[No Variations]"
Added Component: Designator=TP13(P100_H2)
Add component (AddParameter): Name = "BOM名称"; Value = "测试点"; VariantName = "[No Variations]"
Add component (AddParameter): Name = "学习资源"; Value = "www.ooocke.com"; VariantName = "[No Variations]"
Add component (AddParameter): Name = "版权归属"; Value = "源创客"; VariantName = "[No Variations]"
Added Component: Designator=TP14(P100_H2)
Add component (AddParameter): Name = "BOM名称"; Value = "测试点"; VariantName = "[No Variations]"
Add component (AddParameter): Name = "学习资源"; Value = "www.ooocke.com"; VariantName = "[No Variations]"
Add component (AddParameter): Name = "版权归属"; Value = "源创客"; VariantName = "[No Variations]"
Added Component: Designator=TP15(P100_H2)
Add component (AddParameter): Name = "BOM名称"; Value = "测试点"; VariantName = "[No Variations]"
Add component (AddParameter): Name = "学习资源"; Value = "www.ooocke.com"; VariantName = "[No Variations]"
Add component (AddParameter): Name = "版权归属"; Value = "源创客"; VariantName = "[No Variations]"
Added Component: Designator=TP16(P100_H2)
Add component (AddParameter): Name = "BOM名称"; Value = "测试点"; VariantName = "[No Variations]"
Add component (AddParameter): Name = "学习资源"; Value = "www.ooocke.com"; VariantName = "[No Variations]"
Add component (AddParameter): Name = "版权归属"; Value = "源创客"; VariantName = "[No Variations]"
Added Component: Designator=TP17(P100_H5)
Add component (AddParameter): Name = "BOM名称"; Value = "测试点"; VariantName = "[No Variations]"
Add component (AddParameter): Name = "学习资源"; Value = "www.ooocke.com"; VariantName = "[No Variations]"
Add component (AddParameter): Name = "版权归属"; Value = "源创客"; VariantName = "[No Variations]"
Added Component: Designator=TP18(P100_H5)
Add component (AddParameter): Name = "BOM名称"; Value = "测试点"; VariantName = "[No Variations]"
Add component (AddParameter): Name = "学习资源"; Value = "www.ooocke.com"; VariantName = "[No Variations]"
Add component (AddParameter): Name = "版权归属"; Value = "源创客"; VariantName = "[No Variations]"
Added Component: Designator=TP19(P100_H5)
Add component (AddParameter): Name = "BOM名称"; Value = "测试点"; VariantName = "[No Variations]"
Add component (AddParameter): Name = "学习资源"; Value = "www.ooocke.com"; VariantName = "[No Variations]"
Add component (AddParameter): Name = "版权归属"; Value = "源创客"; VariantName = "[No Variations]"
Added Component: Designator=TP20(P100_H5)
Add component (AddParameter): Name = "BOM名称"; Value = "测试点"; VariantName = "[No Variations]"
Add component (AddParameter): Name = "学习资源"; Value = "www.ooocke.com"; VariantName = "[No Variations]"
Add component (AddParameter): Name = "版权归属"; Value = "源创客"; VariantName = "[No Variations]"
Added Component: Designator=TP21(P100_H2)
Add component (AddParameter): Name = "BOM名称"; Value = "测试点"; VariantName = "[No Variations]"
Add component (AddParameter): Name = "学习资源"; Value = "www.ooocke.com"; VariantName = "[No Variations]"
Add component (AddParameter): Name = "版权归属"; Value = "源创客"; VariantName = "[No Variations]"
Added Component: Designator=TP22(P100_H2)
Add component (AddParameter): Name = "BOM名称"; Value = "测试点"; VariantName = "[No Variations]"
Add component (AddParameter): Name = "学习资源"; Value = "www.ooocke.com"; VariantName = "[No Variations]"
Add component (AddParameter): Name = "版权归属"; Value = "源创客"; VariantName = "[No Variations]"
Added Component: Designator=TP23(P100_H2)
Add component (AddParameter): Name = "BOM名称"; Value = "测试点"; VariantName = "[No Variations]"
Add component (AddParameter): Name = "学习资源"; Value = "www.ooocke.com"; VariantName = "[No Variations]"
Add component (AddParameter): Name = "版权归属"; Value = "源创客"; VariantName = "[No Variations]"
Added Component: Designator=TP24(P100_H2)
Add component (AddParameter): Name = "BOM名称"; Value = "测试点"; VariantName = "[No Variations]"
Add component (AddParameter): Name = "学习资源"; Value = "www.ooocke.com"; VariantName = "[No Variations]"
Add component (AddParameter): Name = "版权归属"; Value = "源创客"; VariantName = "[No Variations]"
Added Component: Designator=TP25(P100_H2)
Add component (AddParameter): Name = "BOM名称"; Value = "测试点"; VariantName = "[No Variations]"
Add component (AddParameter): Name = "学习资源"; Value = "www.ooocke.com"; VariantName = "[No Variations]"
Add component (AddParameter): Name = "版权归属"; Value = "源创客"; VariantName = "[No Variations]"
Added Component: Designator=TP26(P100_H2)
Add component (AddParameter): Name = "BOM名称"; Value = "测试点"; VariantName = "[No Variations]"
Add component (AddParameter): Name = "学习资源"; Value = "www.ooocke.com"; VariantName = "[No Variations]"
Add component (AddParameter): Name = "版权归属"; Value = "源创客"; VariantName = "[No Variations]"
Added Component: Designator=TP27(P100_H5)
Add component (AddParameter): Name = "BOM名称"; Value = "测试点"; VariantName = "[No Variations]"
Add component (AddParameter): Name = "学习资源"; Value = "www.ooocke.com"; VariantName = "[No Variations]"
Add component (AddParameter): Name = "版权归属"; Value = "源创客"; VariantName = "[No Variations]"
Added Component: Designator=TP28(P100_H5)
Add component (AddParameter): Name = "BOM名称"; Value = "测试点"; VariantName = "[No Variations]"
Add component (AddParameter): Name = "学习资源"; Value = "www.ooocke.com"; VariantName = "[No Variations]"
Add component (AddParameter): Name = "版权归属"; Value = "源创客"; VariantName = "[No Variations]"
Added Component: Designator=TP29(P100_H5)
Add component (AddParameter): Name = "BOM名称"; Value = "测试点"; VariantName = "[No Variations]"
Add component (AddParameter): Name = "学习资源"; Value = "www.ooocke.com"; VariantName = "[No Variations]"
Add component (AddParameter): Name = "版权归属"; Value = "源创客"; VariantName = "[No Variations]"
Added Component: Designator=TP30(P100_H5)
Add component (AddParameter): Name = "BOM名称"; Value = "测试点"; VariantName = "[No Variations]"
Add component (AddParameter): Name = "学习资源"; Value = "www.ooocke.com"; VariantName = "[No Variations]"
Add component (AddParameter): Name = "版权归属"; Value = "源创客"; VariantName = "[No Variations]"
Added Component: Designator=TP31(P100_H2)
Add component (AddParameter): Name = "BOM名称"; Value = "测试点"; VariantName = "[No Variations]"
Add component (AddParameter): Name = "学习资源"; Value = "www.ooocke.com"; VariantName = "[No Variations]"
Add component (AddParameter): Name = "版权归属"; Value = "源创客"; VariantName = "[No Variations]"
Added Component: Designator=TP32(P100_H2)
Add component (AddParameter): Name = "BOM名称"; Value = "测试点"; VariantName = "[No Variations]"
Add component (AddParameter): Name = "学习资源"; Value = "www.ooocke.com"; VariantName = "[No Variations]"
Add component (AddParameter): Name = "版权归属"; Value = "源创客"; VariantName = "[No Variations]"
Added Component: Designator=TP33(P100_H2)
Add component (AddParameter): Name = "BOM名称"; Value = "测试点"; VariantName = "[No Variations]"
Add component (AddParameter): Name = "学习资源"; Value = "www.ooocke.com"; VariantName = "[No Variations]"
Add component (AddParameter): Name = "版权归属"; Value = "源创客"; VariantName = "[No Variations]"
Added Component: Designator=TP34(P100_H2)
Add component (AddParameter): Name = "BOM名称"; Value = "测试点"; VariantName = "[No Variations]"
Add component (AddParameter): Name = "学习资源"; Value = "www.ooocke.com"; VariantName = "[No Variations]"
Add component (AddParameter): Name = "版权归属"; Value = "源创客"; VariantName = "[No Variations]"
Added Component: Designator=TP35(P100_H2)
Add component (AddParameter): Name = "BOM名称"; Value = "测试点"; VariantName = "[No Variations]"
Add component (AddParameter): Name = "学习资源"; Value = "www.ooocke.com"; VariantName = "[No Variations]"
Add component (AddParameter): Name = "版权归属"; Value = "源创客"; VariantName = "[No Variations]"
Added Component: Designator=TP36(P100_H2)
Add component (AddParameter): Name = "BOM名称"; Value = "测试点"; VariantName = "[No Variations]"
Add component (AddParameter): Name = "学习资源"; Value = "www.ooocke.com"; VariantName = "[No Variations]"
Add component (AddParameter): Name = "版权归属"; Value = "源创客"; VariantName = "[No Variations]"
Added Component: Designator=TP37(P100_H5)
Add component (AddParameter): Name = "BOM名称"; Value = "测试点"; VariantName = "[No Variations]"
Add component (AddParameter): Name = "学习资源"; Value = "www.ooocke.com"; VariantName = "[No Variations]"
Add component (AddParameter): Name = "版权归属"; Value = "源创客"; VariantName = "[No Variations]"
Added Component: Designator=TP38(P100_H5)
Add component (AddParameter): Name = "BOM名称"; Value = "测试点"; VariantName = "[No Variations]"
Add component (AddParameter): Name = "学习资源"; Value = "www.ooocke.com"; VariantName = "[No Variations]"
Add component (AddParameter): Name = "版权归属"; Value = "源创客"; VariantName = "[No Variations]"
Added Component: Designator=TP39(P100_H5)
Add component (AddParameter): Name = "BOM名称"; Value = "测试点"; VariantName = "[No Variations]"
Add component (AddParameter): Name = "学习资源"; Value = "www.ooocke.com"; VariantName = "[No Variations]"
Add component (AddParameter): Name = "版权归属"; Value = "源创客"; VariantName = "[No Variations]"
Added Component: Designator=TP40(P100_H5)
Add component (AddParameter): Name = "BOM名称"; Value = "测试点"; VariantName = "[No Variations]"
Add component (AddParameter): Name = "学习资源"; Value = "www.ooocke.com"; VariantName = "[No Variations]"
Add component (AddParameter): Name = "版权归属"; Value = "源创客"; VariantName = "[No Variations]"
Added Component: Designator=TP41(P100_H2)
Add component (AddParameter): Name = "BOM名称"; Value = "测试点"; VariantName = "[No Variations]"
Add component (AddParameter): Name = "学习资源"; Value = "www.ooocke.com"; VariantName = "[No Variations]"
Add component (AddParameter): Name = "版权归属"; Value = "源创客"; VariantName = "[No Variations]"
Added Component: Designator=TP42(P100_H2)
Add component (AddParameter): Name = "BOM名称"; Value = "测试点"; VariantName = "[No Variations]"
Add component (AddParameter): Name = "学习资源"; Value = "www.ooocke.com"; VariantName = "[No Variations]"
Add component (AddParameter): Name = "版权归属"; Value = "源创客"; VariantName = "[No Variations]"
Added Component: Designator=TP43(P100_H2)
Add component (AddParameter): Name = "BOM名称"; Value = "测试点"; VariantName = "[No Variations]"
Add component (AddParameter): Name = "学习资源"; Value = "www.ooocke.com"; VariantName = "[No Variations]"
Add component (AddParameter): Name = "版权归属"; Value = "源创客"; VariantName = "[No Variations]"
Added Component: Designator=TP44(P100_H2)
Add component (AddParameter): Name = "BOM名称"; Value = "测试点"; VariantName = "[No Variations]"
Add component (AddParameter): Name = "学习资源"; Value = "www.ooocke.com"; VariantName = "[No Variations]"
Add component (AddParameter): Name = "版权归属"; Value = "源创客"; VariantName = "[No Variations]"
Added Component: Designator=TP45(P100_H2)
Add component (AddParameter): Name = "BOM名称"; Value = "测试点"; VariantName = "[No Variations]"
Add component (AddParameter): Name = "学习资源"; Value = "www.ooocke.com"; VariantName = "[No Variations]"
Add component (AddParameter): Name = "版权归属"; Value = "源创客"; VariantName = "[No Variations]"
Added Component: Designator=TP46(P100_H2)
Add component (AddParameter): Name = "BOM名称"; Value = "测试点"; VariantName = "[No Variations]"
Add component (AddParameter): Name = "学习资源"; Value = "www.ooocke.com"; VariantName = "[No Variations]"
Add component (AddParameter): Name = "版权归属"; Value = "源创客"; VariantName = "[No Variations]"
Added Component: Designator=TP47(P100_H5)
Add component (AddParameter): Name = "BOM名称"; Value = "测试点"; VariantName = "[No Variations]"
Add component (AddParameter): Name = "学习资源"; Value = "www.ooocke.com"; VariantName = "[No Variations]"
Add component (AddParameter): Name = "版权归属"; Value = "源创客"; VariantName = "[No Variations]"
Added Component: Designator=TP48(P100_H5)
Add component (AddParameter): Name = "BOM名称"; Value = "测试点"; VariantName = "[No Variations]"
Add component (AddParameter): Name = "学习资源"; Value = "www.ooocke.com"; VariantName = "[No Variations]"
Add component (AddParameter): Name = "版权归属"; Value = "源创客"; VariantName = "[No Variations]"
Added Component: Designator=TP49(P100_H5)
Add component (AddParameter): Name = "BOM名称"; Value = "测试点"; VariantName = "[No Variations]"
Add component (AddParameter): Name = "学习资源"; Value = "www.ooocke.com"; VariantName = "[No Variations]"
Add component (AddParameter): Name = "版权归属"; Value = "源创客"; VariantName = "[No Variations]"
Added Component: Designator=TP50(P100_H5)
Add component (AddParameter): Name = "BOM名称"; Value = "测试点"; VariantName = "[No Variations]"
Add component (AddParameter): Name = "学习资源"; Value = "www.ooocke.com"; VariantName = "[No Variations]"
Add component (AddParameter): Name = "版权归属"; Value = "源创客"; VariantName = "[No Variations]"
Added Component: Designator=TP51(P100_H2)
Add component (AddParameter): Name = "BOM名称"; Value = "测试点"; VariantName = "[No Variations]"
Add component (AddParameter): Name = "学习资源"; Value = "www.ooocke.com"; VariantName = "[No Variations]"
Add component (AddParameter): Name = "版权归属"; Value = "源创客"; VariantName = "[No Variations]"
Added Component: Designator=TP52(P100_H2)
Add component (AddParameter): Name = "BOM名称"; Value = "测试点"; VariantName = "[No Variations]"
Add component (AddParameter): Name = "学习资源"; Value = "www.ooocke.com"; VariantName = "[No Variations]"
Add component (AddParameter): Name = "版权归属"; Value = "源创客"; VariantName = "[No Variations]"
Added Component: Designator=TP53(P100_H2)
Add component (AddParameter): Name = "BOM名称"; Value = "测试点"; VariantName = "[No Variations]"
Add component (AddParameter): Name = "学习资源"; Value = "www.ooocke.com"; VariantName = "[No Variations]"
Add component (AddParameter): Name = "版权归属"; Value = "源创客"; VariantName = "[No Variations]"
Added Component: Designator=TP54(P100_H2)
Add component (AddParameter): Name = "BOM名称"; Value = "测试点"; VariantName = "[No Variations]"
Add component (AddParameter): Name = "学习资源"; Value = "www.ooocke.com"; VariantName = "[No Variations]"
Add component (AddParameter): Name = "版权归属"; Value = "源创客"; VariantName = "[No Variations]"
Added Component: Designator=TP55(P100_H2)
Add component (AddParameter): Name = "BOM名称"; Value = "测试点"; VariantName = "[No Variations]"
Add component (AddParameter): Name = "学习资源"; Value = "www.ooocke.com"; VariantName = "[No Variations]"
Add component (AddParameter): Name = "版权归属"; Value = "源创客"; VariantName = "[No Variations]"
Added Component: Designator=TP56(P100_H2)
Add component (AddParameter): Name = "BOM名称"; Value = "测试点"; VariantName = "[No Variations]"
Add component (AddParameter): Name = "学习资源"; Value = "www.ooocke.com"; VariantName = "[No Variations]"
Add component (AddParameter): Name = "版权归属"; Value = "源创客"; VariantName = "[No Variations]"
Added Component: Designator=TP57(P100_H5)
Add component (AddParameter): Name = "BOM名称"; Value = "测试点"; VariantName = "[No Variations]"
Add component (AddParameter): Name = "学习资源"; Value = "www.ooocke.com"; VariantName = "[No Variations]"
Add component (AddParameter): Name = "版权归属"; Value = "源创客"; VariantName = "[No Variations]"
Added Component: Designator=TP58(P100_H5)
Add component (AddParameter): Name = "BOM名称"; Value = "测试点"; VariantName = "[No Variations]"
Add component (AddParameter): Name = "学习资源"; Value = "www.ooocke.com"; VariantName = "[No Variations]"
Add component (AddParameter): Name = "版权归属"; Value = "源创客"; VariantName = "[No Variations]"
Added Component: Designator=TP59(P100_H5)
Add component (AddParameter): Name = "BOM名称"; Value = "测试点"; VariantName = "[No Variations]"
Add component (AddParameter): Name = "学习资源"; Value = "www.ooocke.com"; VariantName = "[No Variations]"
Add component (AddParameter): Name = "版权归属"; Value = "源创客"; VariantName = "[No Variations]"
Added Component: Designator=TP60(P100_H5)
Add component (AddParameter): Name = "BOM名称"; Value = "测试点"; VariantName = "[No Variations]"
Add component (AddParameter): Name = "学习资源"; Value = "www.ooocke.com"; VariantName = "[No Variations]"
Add component (AddParameter): Name = "版权归属"; Value = "源创客"; VariantName = "[No Variations]"
Added Component: Designator=TP61(P100_H2)
Add component (AddParameter): Name = "BOM名称"; Value = "测试点"; VariantName = "[No Variations]"
Add component (AddParameter): Name = "学习资源"; Value = "www.ooocke.com"; VariantName = "[No Variations]"
Add component (AddParameter): Name = "版权归属"; Value = "源创客"; VariantName = "[No Variations]"
Added Component: Designator=TP62(P100_H2)
Add component (AddParameter): Name = "BOM名称"; Value = "测试点"; VariantName = "[No Variations]"
Add component (AddParameter): Name = "学习资源"; Value = "www.ooocke.com"; VariantName = "[No Variations]"
Add component (AddParameter): Name = "版权归属"; Value = "源创客"; VariantName = "[No Variations]"
Added Component: Designator=TP63(P100_H2)
Add component (AddParameter): Name = "BOM名称"; Value = "测试点"; VariantName = "[No Variations]"
Add component (AddParameter): Name = "学习资源"; Value = "www.ooocke.com"; VariantName = "[No Variations]"
Add component (AddParameter): Name = "版权归属"; Value = "源创客"; VariantName = "[No Variations]"
Added Component: Designator=TP64(P100_H2)
Add component (AddParameter): Name = "BOM名称"; Value = "测试点"; VariantName = "[No Variations]"
Add component (AddParameter): Name = "学习资源"; Value = "www.ooocke.com"; VariantName = "[No Variations]"
Add component (AddParameter): Name = "版权归属"; Value = "源创客"; VariantName = "[No Variations]"
Added Component: Designator=TP65(P100_H2)
Add component (AddParameter): Name = "BOM名称"; Value = "测试点"; VariantName = "[No Variations]"
Add component (AddParameter): Name = "学习资源"; Value = "www.ooocke.com"; VariantName = "[No Variations]"
Add component (AddParameter): Name = "版权归属"; Value = "源创客"; VariantName = "[No Variations]"
Added Component: Designator=TP66(P100_H2)
Add component (AddParameter): Name = "BOM名称"; Value = "测试点"; VariantName = "[No Variations]"
Add component (AddParameter): Name = "学习资源"; Value = "www.ooocke.com"; VariantName = "[No Variations]"
Add component (AddParameter): Name = "版权归属"; Value = "源创客"; VariantName = "[No Variations]"
Added Component: Designator=TP67(P100_H5)
Add component (AddParameter): Name = "BOM名称"; Value = "测试点"; VariantName = "[No Variations]"
Add component (AddParameter): Name = "学习资源"; Value = "www.ooocke.com"; VariantName = "[No Variations]"
Add component (AddParameter): Name = "版权归属"; Value = "源创客"; VariantName = "[No Variations]"
Added Component: Designator=TP68(P100_H5)
Add component (AddParameter): Name = "BOM名称"; Value = "测试点"; VariantName = "[No Variations]"
Add component (AddParameter): Name = "学习资源"; Value = "www.ooocke.com"; VariantName = "[No Variations]"
Add component (AddParameter): Name = "版权归属"; Value = "源创客"; VariantName = "[No Variations]"
Added Component: Designator=TP69(P100_H5)
Add component (AddParameter): Name = "BOM名称"; Value = "测试点"; VariantName = "[No Variations]"
Add component (AddParameter): Name = "学习资源"; Value = "www.ooocke.com"; VariantName = "[No Variations]"
Add component (AddParameter): Name = "版权归属"; Value = "源创客"; VariantName = "[No Variations]"
Added Component: Designator=TP70(P100_H5)
Add component (AddParameter): Name = "BOM名称"; Value = "测试点"; VariantName = "[No Variations]"
Add component (AddParameter): Name = "学习资源"; Value = "www.ooocke.com"; VariantName = "[No Variations]"
Add component (AddParameter): Name = "版权归属"; Value = "源创客"; VariantName = "[No Variations]"
Added Component: Designator=TP71(P100_H2)
Add component (AddParameter): Name = "BOM名称"; Value = "测试点"; VariantName = "[No Variations]"
Add component (AddParameter): Name = "学习资源"; Value = "www.ooocke.com"; VariantName = "[No Variations]"
Add component (AddParameter): Name = "版权归属"; Value = "源创客"; VariantName = "[No Variations]"
Added Component: Designator=TP72(P100_H2)
Add component (AddParameter): Name = "BOM名称"; Value = "测试点"; VariantName = "[No Variations]"
Add component (AddParameter): Name = "学习资源"; Value = "www.ooocke.com"; VariantName = "[No Variations]"
Add component (AddParameter): Name = "版权归属"; Value = "源创客"; VariantName = "[No Variations]"
Added Component: Designator=TP73(P100_H2)
Add component (AddParameter): Name = "BOM名称"; Value = "测试点"; VariantName = "[No Variations]"
Add component (AddParameter): Name = "学习资源"; Value = "www.ooocke.com"; VariantName = "[No Variations]"
Add component (AddParameter): Name = "版权归属"; Value = "源创客"; VariantName = "[No Variations]"
Added Component: Designator=TP74(P100_H2)
Add component (AddParameter): Name = "BOM名称"; Value = "测试点"; VariantName = "[No Variations]"
Add component (AddParameter): Name = "学习资源"; Value = "www.ooocke.com"; VariantName = "[No Variations]"
Add component (AddParameter): Name = "版权归属"; Value = "源创客"; VariantName = "[No Variations]"
Added Component: Designator=TP75(P100_H2)
Add component (AddParameter): Name = "BOM名称"; Value = "测试点"; VariantName = "[No Variations]"
Add component (AddParameter): Name = "学习资源"; Value = "www.ooocke.com"; VariantName = "[No Variations]"
Add component (AddParameter): Name = "版权归属"; Value = "源创客"; VariantName = "[No Variations]"
Added Component: Designator=TP76(P100_H2)
Add component (AddParameter): Name = "BOM名称"; Value = "测试点"; VariantName = "[No Variations]"
Add component (AddParameter): Name = "学习资源"; Value = "www.ooocke.com"; VariantName = "[No Variations]"
Add component (AddParameter): Name = "版权归属"; Value = "源创客"; VariantName = "[No Variations]"
Added Component: Designator=TP77(P100_H5)
Add component (AddParameter): Name = "BOM名称"; Value = "测试点"; VariantName = "[No Variations]"
Add component (AddParameter): Name = "学习资源"; Value = "www.ooocke.com"; VariantName = "[No Variations]"
Add component (AddParameter): Name = "版权归属"; Value = "源创客"; VariantName = "[No Variations]"
Added Component: Designator=TP78(P100_H5)
Add component (AddParameter): Name = "BOM名称"; Value = "测试点"; VariantName = "[No Variations]"
Add component (AddParameter): Name = "学习资源"; Value = "www.ooocke.com"; VariantName = "[No Variations]"
Add component (AddParameter): Name = "版权归属"; Value = "源创客"; VariantName = "[No Variations]"
Added Component: Designator=TP79(P100_H5)
Add component (AddParameter): Name = "BOM名称"; Value = "测试点"; VariantName = "[No Variations]"
Add component (AddParameter): Name = "学习资源"; Value = "www.ooocke.com"; VariantName = "[No Variations]"
Add component (AddParameter): Name = "版权归属"; Value = "源创客"; VariantName = "[No Variations]"
Added Component: Designator=TP80(P100_H5)
Add component (AddParameter): Name = "BOM名称"; Value = "测试点"; VariantName = "[No Variations]"
Add component (AddParameter): Name = "学习资源"; Value = "www.ooocke.com"; VariantName = "[No Variations]"
Add component (AddParameter): Name = "版权归属"; Value = "源创客"; VariantName = "[No Variations]"
Added Component: Designator=U1(VSON-10_L3.0-W3.0-P0.50-TL-EP)
Added Component: Designator=U2(TXS0108ERGYR)
Added Component: Designator=U3(SOT89_L)
Added Component: Designator=U4(TXS0108ERGYR)
Added Component: Designator=U5(QFN48 7X7_M)
Added Component: Designator=U6(TXS0108ERGYR)
Added Component: Designator=U？1(SOP8)
Added Component: Designator=Y1(OSC 3225-4P)
Added Pin To Net: NetName=GND Pin=C2-1
Added Pin To Net: NetName=GND Pin=C3-2
Added Pin To Net: NetName=GND Pin=C4-1
Added Pin To Net: NetName=GND Pin=C5-1
Added Pin To Net: NetName=VCC12V Pin=C5-2
Added Pin To Net: NetName=GND Pin=C6-1
Added Pin To Net: NetName=VCC12V Pin=C6-2
Added Pin To Net: NetName=GND Pin=C7-1
Added Pin To Net: NetName=VCC12V Pin=C7-2
Added Pin To Net: NetName=GND Pin=C8-1
Added Pin To Net: NetName=VCC12V Pin=C8-2
Added Pin To Net: NetName=GND Pin=C9-1
Added Pin To Net: NetName=GND Pin=C10-1
Added Pin To Net: NetName=GND Pin=C11-1
Added Pin To Net: NetName=GND Pin=C12-1
Added Pin To Net: NetName=GND Pin=C13-1
Added Pin To Net: NetName=GND Pin=C14-1
Added Pin To Net: NetName=GND Pin=C15-1
Added Pin To Net: NetName=GND Pin=C16-1
Added Pin To Net: NetName=GND Pin=C17-2
Added Pin To Net: NetName=GND Pin=C18-1
Added Pin To Net: NetName=GND Pin=C19-1
Added Pin To Net: NetName=GND Pin=C20-2
Added Pin To Net: NetName=GND Pin=C21-1
Added Pin To Net: NetName=GND Pin=C23-2
Added Pin To Net: NetName=GND Pin=C24-2
Added Pin To Net: NetName=VCC12V Pin=D1-1
Added Pin To Net: NetName=GND Pin=JP11-2
Added Pin To Net: NetName=VCC12V Pin=Q1-3
Added Pin To Net: NetName=VCC12V Pin=Q1-3
Added Pin To Net: NetName=VCC12V Pin=Q1-3
Added Pin To Net: NetName=VCC12V Pin=Q1-3
Added Pin To Net: NetName=VCC12V Pin=R1-1
Added Pin To Net: NetName=GND Pin=R4-2
Added Pin To Net: NetName=GND Pin=R5-2
Added Pin To Net: NetName=GND Pin=R6-2
Added Pin To Net: NetName=GND Pin=R7-1
Added Pin To Net: NetName=VCC12V Pin=R8-1
Added Pin To Net: NetName=GND Pin=R16-2
Added Pin To Net: NetName=GND Pin=R18-1
Added Pin To Net: NetName=GND Pin=R20-1
Added Pin To Net: NetName=VCC12V Pin=TP1-1
Added Pin To Net: NetName=GND Pin=TP2-1
Added Pin To Net: NetName=LIN Pin=TP3-1
Added Pin To Net: NetName=PART1_CMP Pin=TP7-1
Added Pin To Net: NetName=PART1_U Pin=TP8-1
Added Pin To Net: NetName=PART1_V Pin=TP9-1
Added Pin To Net: NetName=PART1_W Pin=TP10-1
Added Pin To Net: NetName=VCC12V Pin=TP11-1
Added Pin To Net: NetName=GND Pin=TP12-1
Added Pin To Net: NetName=LIN Pin=TP13-1
Added Pin To Net: NetName=PART2_CMP Pin=TP17-1
Added Pin To Net: NetName=PART2_U Pin=TP18-1
Added Pin To Net: NetName=PART2_V Pin=TP19-1
Added Pin To Net: NetName=PART2_W Pin=TP20-1
Added Pin To Net: NetName=VCC12V Pin=TP21-1
Added Pin To Net: NetName=GND Pin=TP22-1
Added Pin To Net: NetName=LIN Pin=TP23-1
Added Pin To Net: NetName=PART3_CMP Pin=TP27-1
Added Pin To Net: NetName=PART3_U Pin=TP28-1
Added Pin To Net: NetName=PART3_V Pin=TP29-1
Added Pin To Net: NetName=PART3_W Pin=TP30-1
Added Pin To Net: NetName=VCC12V Pin=TP31-1
Added Pin To Net: NetName=GND Pin=TP32-1
Added Pin To Net: NetName=LIN Pin=TP33-1
Added Pin To Net: NetName=PART4_CMP Pin=TP37-1
Added Pin To Net: NetName=PART4_U Pin=TP38-1
Added Pin To Net: NetName=PART4_V Pin=TP39-1
Added Pin To Net: NetName=PART4_W Pin=TP40-1
Added Pin To Net: NetName=VCC12V Pin=TP41-1
Added Pin To Net: NetName=GND Pin=TP42-1
Added Pin To Net: NetName=LIN Pin=TP43-1
Added Pin To Net: NetName=PART5_CMP Pin=TP47-1
Added Pin To Net: NetName=PART5_U Pin=TP48-1
Added Pin To Net: NetName=PART5_V Pin=TP49-1
Added Pin To Net: NetName=PART5_W Pin=TP50-1
Added Pin To Net: NetName=VCC12V Pin=TP51-1
Added Pin To Net: NetName=GND Pin=TP52-1
Added Pin To Net: NetName=LIN Pin=TP53-1
Added Pin To Net: NetName=PART6_CMP Pin=TP57-1
Added Pin To Net: NetName=PART6_U Pin=TP58-1
Added Pin To Net: NetName=PART6_V Pin=TP59-1
Added Pin To Net: NetName=PART6_W Pin=TP60-1
Added Pin To Net: NetName=VCC12V Pin=TP61-1
Added Pin To Net: NetName=GND Pin=TP62-1
Added Pin To Net: NetName=LIN Pin=TP63-1
Added Pin To Net: NetName=PART7_CMP Pin=TP67-1
Added Pin To Net: NetName=PART7_U Pin=TP68-1
Added Pin To Net: NetName=PART7_V Pin=TP69-1
Added Pin To Net: NetName=PART7_W Pin=TP70-1
Added Pin To Net: NetName=VCC12V Pin=TP71-1
Added Pin To Net: NetName=GND Pin=TP72-1
Added Pin To Net: NetName=LIN Pin=TP73-1
Added Pin To Net: NetName=PART8_CMP Pin=TP77-1
Added Pin To Net: NetName=PART8_U Pin=TP78-1
Added Pin To Net: NetName=PART8_V Pin=TP79-1
Added Pin To Net: NetName=PART8_W Pin=TP80-1
Added Pin To Net: NetName=VCC12V Pin=U1-1
Added Pin To Net: NetName=GND Pin=U1-3
Added Pin To Net: NetName=GND Pin=U1-4
Added Pin To Net: NetName=GND Pin=U1-5
Added Pin To Net: NetName=GND Pin=U1-11
Added Pin To Net: NetName=GND Pin=U2-11
Added Pin To Net: NetName=GND Pin=U3-2
Added Pin To Net: NetName=GND Pin=U3-2
Added Pin To Net: NetName=GND Pin=U4-11
Added Pin To Net: NetName=GND Pin=U5-8
Added Pin To Net: NetName=GND Pin=U5-23
Added Pin To Net: NetName=GND Pin=U5-35
Added Pin To Net: NetName=GND Pin=U5-47
Added Pin To Net: NetName=GND Pin=U5-49
Added Pin To Net: NetName=GND Pin=U6-11
Added Pin To Net: NetName=GND Pin=U？1-5
Added Pin To Net: NetName=VCC12V Pin=U？1-7
Added Pin To Net: NetName=GND Pin=Y1-2
Added Pin To Net: NetName=GND Pin=Y1-4
Added Pin To Net: NetName=BOOT Pin=R16-1
Added Pin To Net: NetName=BOOT Pin=U5-44
Added Net: Name=BOOT
Added Pin To Net: NetName=FAN1_ID1_STC Pin=TP4-1
Added Pin To Net: NetName=FAN1_ID1_STC Pin=U2-20
Added Net: Name=FAN1_ID1_STC
Added Pin To Net: NetName=FAN1_ID1_STM Pin=U2-1
Added Net: Name=FAN1_ID1_STM
Added Pin To Net: NetName=FAN1_ID2_STC Pin=TP5-1
Added Pin To Net: NetName=FAN1_ID2_STC Pin=U2-18
Added Net: Name=FAN1_ID2_STC
Added Pin To Net: NetName=FAN1_ID2_STM Pin=U2-3
Added Net: Name=FAN1_ID2_STM
Added Pin To Net: NetName=FAN1_ID3_STC Pin=TP6-1
Added Pin To Net: NetName=FAN1_ID3_STC Pin=U2-17
Added Net: Name=FAN1_ID3_STC
Added Pin To Net: NetName=FAN1_ID3_STM Pin=U2-4
Added Net: Name=FAN1_ID3_STM
Added Pin To Net: NetName=FAN2_ID1_STC Pin=TP14-1
Added Pin To Net: NetName=FAN2_ID1_STC Pin=U2-16
Added Net: Name=FAN2_ID1_STC
Added Pin To Net: NetName=FAN2_ID1_STM Pin=U2-5
Added Net: Name=FAN2_ID1_STM
Added Pin To Net: NetName=FAN2_ID2_STC Pin=TP15-1
Added Pin To Net: NetName=FAN2_ID2_STC Pin=U2-15
Added Net: Name=FAN2_ID2_STC
Added Pin To Net: NetName=FAN2_ID2_STM Pin=U2-6
Added Net: Name=FAN2_ID2_STM
Added Pin To Net: NetName=FAN2_ID3_STC Pin=TP16-1
Added Pin To Net: NetName=FAN2_ID3_STC Pin=U2-14
Added Net: Name=FAN2_ID3_STC
Added Pin To Net: NetName=FAN2_ID3_STM Pin=U2-7
Added Net: Name=FAN2_ID3_STM
Added Pin To Net: NetName=FAN3_ID1_STC Pin=TP24-1
Added Pin To Net: NetName=FAN3_ID1_STC Pin=U2-13
Added Net: Name=FAN3_ID1_STC
Added Pin To Net: NetName=FAN3_ID1_STM Pin=U2-8
Added Net: Name=FAN3_ID1_STM
Added Pin To Net: NetName=FAN3_ID2_STC Pin=TP25-1
Added Pin To Net: NetName=FAN3_ID2_STC Pin=U2-12
Added Net: Name=FAN3_ID2_STC
Added Pin To Net: NetName=FAN3_ID2_STM Pin=U2-9
Added Net: Name=FAN3_ID2_STM
Added Pin To Net: NetName=FAN3_ID3_STC Pin=TP26-1
Added Pin To Net: NetName=FAN3_ID3_STC Pin=U4-20
Added Net: Name=FAN3_ID3_STC
Added Pin To Net: NetName=FAN3_ID3_STM Pin=U4-1
Added Net: Name=FAN3_ID3_STM
Added Pin To Net: NetName=FAN4_ID1_STC Pin=TP34-1
Added Pin To Net: NetName=FAN4_ID1_STC Pin=U4-18
Added Net: Name=FAN4_ID1_STC
Added Pin To Net: NetName=FAN4_ID1_STM Pin=U4-3
Added Net: Name=FAN4_ID1_STM
Added Pin To Net: NetName=FAN4_ID2_STC Pin=TP35-1
Added Pin To Net: NetName=FAN4_ID2_STC Pin=U4-17
Added Net: Name=FAN4_ID2_STC
Added Pin To Net: NetName=FAN4_ID2_STM Pin=U4-4
Added Net: Name=FAN4_ID2_STM
Added Pin To Net: NetName=FAN4_ID3_STC Pin=TP36-1
Added Pin To Net: NetName=FAN4_ID3_STC Pin=U4-16
Added Net: Name=FAN4_ID3_STC
Added Pin To Net: NetName=FAN4_ID3_STM Pin=U4-5
Added Net: Name=FAN4_ID3_STM
Added Pin To Net: NetName=FAN5_ID1_STC Pin=TP44-1
Added Pin To Net: NetName=FAN5_ID1_STC Pin=U4-15
Added Net: Name=FAN5_ID1_STC
Added Pin To Net: NetName=FAN5_ID1_STM Pin=U4-6
Added Net: Name=FAN5_ID1_STM
Added Pin To Net: NetName=FAN5_ID2_STC Pin=TP45-1
Added Pin To Net: NetName=FAN5_ID2_STC Pin=U4-14
Added Net: Name=FAN5_ID2_STC
Added Pin To Net: NetName=FAN5_ID2_STM Pin=U4-7
Added Net: Name=FAN5_ID2_STM
Added Pin To Net: NetName=FAN5_ID3_STC Pin=TP46-1
Added Pin To Net: NetName=FAN5_ID3_STC Pin=U4-13
Added Net: Name=FAN5_ID3_STC
Added Pin To Net: NetName=FAN5_ID3_STM Pin=U4-8
Added Net: Name=FAN5_ID3_STM
Added Pin To Net: NetName=FAN6_ID1_STC Pin=TP54-1
Added Pin To Net: NetName=FAN6_ID1_STC Pin=U4-12
Added Net: Name=FAN6_ID1_STC
Added Pin To Net: NetName=FAN6_ID1_STM Pin=U4-9
Added Net: Name=FAN6_ID1_STM
Added Pin To Net: NetName=FAN6_ID2_STC Pin=TP55-1
Added Pin To Net: NetName=FAN6_ID2_STC Pin=U6-20
Added Net: Name=FAN6_ID2_STC
Added Pin To Net: NetName=FAN6_ID2_STM Pin=U6-1
Added Net: Name=FAN6_ID2_STM
Added Pin To Net: NetName=FAN6_ID3_STC Pin=TP56-1
Added Pin To Net: NetName=FAN6_ID3_STC Pin=U6-18
Added Net: Name=FAN6_ID3_STC
Added Pin To Net: NetName=FAN6_ID3_STM Pin=U6-3
Added Net: Name=FAN6_ID3_STM
Added Pin To Net: NetName=FAN7_ID1_STC Pin=TP64-1
Added Pin To Net: NetName=FAN7_ID1_STC Pin=U6-17
Added Net: Name=FAN7_ID1_STC
Added Pin To Net: NetName=FAN7_ID1_STM Pin=U6-4
Added Net: Name=FAN7_ID1_STM
Added Pin To Net: NetName=FAN7_ID2_STC Pin=TP65-1
Added Pin To Net: NetName=FAN7_ID2_STC Pin=U6-16
Added Net: Name=FAN7_ID2_STC
Added Pin To Net: NetName=FAN7_ID2_STM Pin=U6-5
Added Net: Name=FAN7_ID2_STM
Added Pin To Net: NetName=FAN7_ID3_STC Pin=TP66-1
Added Pin To Net: NetName=FAN7_ID3_STC Pin=U6-15
Added Net: Name=FAN7_ID3_STC
Added Pin To Net: NetName=FAN7_ID3_STM Pin=U6-6
Added Net: Name=FAN7_ID3_STM
Added Pin To Net: NetName=FAN8_ID1_STC Pin=TP74-1
Added Pin To Net: NetName=FAN8_ID1_STC Pin=U6-14
Added Net: Name=FAN8_ID1_STC
Added Pin To Net: NetName=FAN8_ID1_STM Pin=U6-7
Added Net: Name=FAN8_ID1_STM
Added Pin To Net: NetName=FAN8_ID2_STC Pin=TP75-1
Added Pin To Net: NetName=FAN8_ID2_STC Pin=U6-13
Added Net: Name=FAN8_ID2_STC
Added Pin To Net: NetName=FAN8_ID2_STM Pin=U6-8
Added Net: Name=FAN8_ID2_STM
Added Pin To Net: NetName=FAN8_ID3_STC Pin=TP76-1
Added Pin To Net: NetName=FAN8_ID3_STC Pin=U6-12
Added Net: Name=FAN8_ID3_STC
Added Pin To Net: NetName=FAN8_ID3_STM Pin=U6-9
Added Net: Name=FAN8_ID3_STM
Added Pin To Net: NetName=LIN_BUS Pin=C16-2
Added Pin To Net: NetName=LIN_BUS Pin=R11-1
Added Pin To Net: NetName=LIN_BUS Pin=U？1-6
Added Net: Name=LIN_BUS
Added Pin To Net: NetName=NetC1_1 Pin=C1-1
Added Pin To Net: NetName=NetC1_1 Pin=L1-1
Added Pin To Net: NetName=NetC1_1 Pin=U1-2
Added Net: Name=NetC1_1
Added Pin To Net: NetName=NetC1_2 Pin=C1-2
Added Pin To Net: NetName=NetC1_2 Pin=U1-9
Added Net: Name=NetC1_2
Added Pin To Net: NetName=NetC13_2 Pin=C13-2
Added Pin To Net: NetName=NetC13_2 Pin=R2-1
Added Pin To Net: NetName=NetC13_2 Pin=U1-7
Added Net: Name=NetC13_2
Added Pin To Net: NetName=NetC15_2 Pin=C15-2
Added Pin To Net: NetName=NetC15_2 Pin=R2-2
Added Net: Name=NetC15_2
Added Pin To Net: NetName=NetC22_2 Pin=C22-2
Added Pin To Net: NetName=NetC22_2 Pin=JP11-1
Added Pin To Net: NetName=NetC22_2 Pin=Q1-1
Added Pin To Net: NetName=NetC22_2 Pin=R19-2
Added Net: Name=NetC22_2
Added Pin To Net: NetName=NetD1_2 Pin=D1-2
Added Pin To Net: NetName=NetD1_2 Pin=R11-2
Added Net: Name=NetD1_2
Added Pin To Net: NetName=NetR1_2 Pin=R1-2
Added Pin To Net: NetName=NetR1_2 Pin=R4-1
Added Pin To Net: NetName=NetR1_2 Pin=U1-8
Added Net: Name=NetR1_2
Added Pin To Net: NetName=NetR5_1 Pin=R5-1
Added Pin To Net: NetName=NetR5_1 Pin=U1-10
Added Net: Name=NetR5_1
Added Pin To Net: NetName=NetR8_2 Pin=R8-2
Added Pin To Net: NetName=NetR8_2 Pin=U？1-8
Added Net: Name=NetR8_2
Added Pin To Net: NetName=NetR9_1 Pin=R9-1
Added Pin To Net: NetName=NetR9_1 Pin=R12-2
Added Pin To Net: NetName=NetR9_1 Pin=U？1-1
Added Net: Name=NetR9_1
Added Pin To Net: NetName=NetR10_1 Pin=R10-1
Added Pin To Net: NetName=NetR10_1 Pin=R13-2
Added Pin To Net: NetName=NetR10_1 Pin=U？1-2
Added Net: Name=NetR10_1
Added Pin To Net: NetName=NetR14_2 Pin=R14-2
Added Pin To Net: NetName=NetR14_2 Pin=U？1-4
Added Net: Name=NetR14_2
Added Pin To Net: NetName=NetR15_1 Pin=R15-1
Added Pin To Net: NetName=NetR15_1 Pin=U？1-3
Added Net: Name=NetR15_1
Added Pin To Net: NetName=NRST Pin=C19-2
Added Pin To Net: NetName=NRST Pin=R17-1
Added Pin To Net: NetName=NRST Pin=U5-7
Added Net: Name=NRST
Added Pin To Net: NetName=OE_1 Pin=R7-2
Added Pin To Net: NetName=OE_1 Pin=U2-10
Added Net: Name=OE_1
Added Pin To Net: NetName=OE_2 Pin=R18-2
Added Pin To Net: NetName=OE_2 Pin=U4-10
Added Net: Name=OE_2
Added Pin To Net: NetName=OE_3 Pin=R20-2
Added Pin To Net: NetName=OE_3 Pin=U6-10
Added Net: Name=OE_3
Added Pin To Net: NetName=Screen_RX Pin=U5-13
Added Net: Name=Screen_RX
Added Pin To Net: NetName=Screen_TX Pin=U5-12
Added Net: Name=Screen_TX
Added Pin To Net: NetName=SI1021_RX Pin=R12-1
Added Pin To Net: NetName=SI1021_RX Pin=U5-31
Added Net: Name=SI1021_RX
Added Pin To Net: NetName=SI1021_SLP Pin=R13-1
Added Net: Name=SI1021_SLP
Added Pin To Net: NetName=SI1021_TX Pin=R14-1
Added Pin To Net: NetName=SI1021_TX Pin=U5-30
Added Net: Name=SI1021_TX
Added Pin To Net: NetName=SWCLK Pin=U5-37
Added Net: Name=SWCLK
Added Pin To Net: NetName=SWDIO Pin=U5-34
Added Net: Name=SWDIO
Added Pin To Net: NetName=VCC3V3 Pin=C2-2
Added Pin To Net: NetName=VCC3V3 Pin=C3-1
Added Pin To Net: NetName=VCC3V3 Pin=C17-1
Added Pin To Net: NetName=VCC3V3 Pin=C20-1
Added Pin To Net: NetName=VCC3V3 Pin=R17-2
Added Pin To Net: NetName=VCC3V3 Pin=U2-2
Added Pin To Net: NetName=VCC3V3 Pin=U3-1
Added Pin To Net: NetName=VCC3V3 Pin=U4-2
Added Pin To Net: NetName=VCC3V3 Pin=U5-1
Added Pin To Net: NetName=VCC3V3 Pin=U5-9
Added Pin To Net: NetName=VCC3V3 Pin=U5-24
Added Pin To Net: NetName=VCC3V3 Pin=U5-36
Added Pin To Net: NetName=VCC3V3 Pin=U5-48
Added Pin To Net: NetName=VCC3V3 Pin=U6-2
Added Net: Name=VCC3V3
Added Pin To Net: NetName=VCC5V Pin=C4-2
Added Pin To Net: NetName=VCC5V Pin=C9-2
Added Pin To Net: NetName=VCC5V Pin=C10-2
Added Pin To Net: NetName=VCC5V Pin=C11-2
Added Pin To Net: NetName=VCC5V Pin=C12-2
Added Pin To Net: NetName=VCC5V Pin=C14-2
Added Pin To Net: NetName=VCC5V Pin=C18-2
Added Pin To Net: NetName=VCC5V Pin=C21-2
Added Pin To Net: NetName=VCC5V Pin=L1-2
Added Pin To Net: NetName=VCC5V Pin=R3-1
Added Pin To Net: NetName=VCC5V Pin=R9-2
Added Pin To Net: NetName=VCC5V Pin=R10-2
Added Pin To Net: NetName=VCC5V Pin=R15-2
Added Pin To Net: NetName=VCC5V Pin=U2-19
Added Pin To Net: NetName=VCC5V Pin=U3-3
Added Pin To Net: NetName=VCC5V Pin=U4-19
Added Pin To Net: NetName=VCC5V Pin=U6-19
Added Net: Name=VCC5V
Added Pin To Net: NetName=VIN Pin=C22-1
Added Pin To Net: NetName=VIN Pin=JP9-1
Added Pin To Net: NetName=VIN Pin=Q1-2
Added Pin To Net: NetName=VIN Pin=Q1-2
Added Pin To Net: NetName=VIN Pin=Q1-2
Added Pin To Net: NetName=VIN Pin=R19-1
Added Net: Name=VIN
Added Pin To Net: NetName=VSENSE-A Pin=R3-2
Added Pin To Net: NetName=VSENSE-A Pin=R6-1
Added Pin To Net: NetName=VSENSE-A Pin=U1-6
Added Net: Name=VSENSE-A
Added Pin To Net: NetName=XIN Pin=C24-1
Added Pin To Net: NetName=XIN Pin=U5-5
Added Pin To Net: NetName=XIN Pin=Y1-3
Added Net: Name=XIN
Added Pin To Net: NetName=XOUT Pin=C23-1
Added Pin To Net: NetName=XOUT Pin=U5-6
Added Pin To Net: NetName=XOUT Pin=Y1-1
Added Net: Name=XOUT
Added Member To Class: ClassName=Sheet1 Member=Component C1 100nF/25V
Added Member To Class: ClassName=Sheet1 Member=Component C2 100nF/16V
Added Member To Class: ClassName=Sheet1 Member=Component C3 100nF/16V
Added Member To Class: ClassName=Sheet1 Member=Component C4 100nF/16V
Added Member To Class: ClassName=Sheet1 Member=Component C5 10uF/25V
Added Member To Class: ClassName=Sheet1 Member=Component C6 10uF/25V
Added Member To Class: ClassName=Sheet1 Member=Component C7 1uF/25V
Added Member To Class: ClassName=Sheet1 Member=Component C8 3.3nF/25V
Added Member To Class: ClassName=Sheet1 Member=Component C9 22uF/16V
Added Member To Class: ClassName=Sheet1 Member=Component C10 22uF/16V
Added Member To Class: ClassName=Sheet1 Member=Component C11 22uF/16V
Added Member To Class: ClassName=Sheet1 Member=Component C12 22uF/16V
Added Member To Class: ClassName=Sheet1 Member=Component C13 68pF/25V
Added Member To Class: ClassName=Sheet1 Member=Component C14 330nF/16V
Added Member To Class: ClassName=Sheet1 Member=Component C15 560pF/25V
Added Member To Class: ClassName=Sheet1 Member=Component C16 220pF/25V
Added Member To Class: ClassName=Sheet1 Member=Component C17 100nF/16V
Added Member To Class: ClassName=Sheet1 Member=Component C18 100nF/16V
Added Member To Class: ClassName=Sheet1 Member=Component C19 100nF/25V
Added Member To Class: ClassName=Sheet1 Member=Component C20 100nF/16V
Added Member To Class: ClassName=Sheet1 Member=Component C21 100nF/16V
Added Member To Class: ClassName=Sheet1 Member=Component C22 100nF/25V
Added Member To Class: ClassName=Sheet1 Member=Component C23 22pF/16V
Added Member To Class: ClassName=Sheet1 Member=Component C24 22pF/16V
Added Member To Class: ClassName=Sheet1 Member=Component D1 1N5819
Added Member To Class: ClassName=Sheet1 Member=Component L1 8.2uH
Added Member To Class: ClassName=Sheet1 Member=Component Q1 AO3401
Added Member To Class: ClassName=Sheet1 Member=Component R1 10K 1%
Added Member To Class: ClassName=Sheet1 Member=Component R2 18.7K 1%
Added Member To Class: ClassName=Sheet1 Member=Component R3 100K 1%
Added Member To Class: ClassName=Sheet1 Member=Component R4 10K 1%
Added Member To Class: ClassName=Sheet1 Member=Component R5 95.3K 1%
Added Member To Class: ClassName=Sheet1 Member=Component R6 19.1K 1%
Added Member To Class: ClassName=Sheet1 Member=Component R7 10K 1%
Added Member To Class: ClassName=Sheet1 Member=Component R8 0R 1%
Added Member To Class: ClassName=Sheet1 Member=Component R9 2.2K 1%
Added Member To Class: ClassName=Sheet1 Member=Component R10 2.2K 1%
Added Member To Class: ClassName=Sheet1 Member=Component R11 1K 1%
Added Member To Class: ClassName=Sheet1 Member=Component R12 100R 1%
Added Member To Class: ClassName=Sheet1 Member=Component R13 100R 1%
Added Member To Class: ClassName=Sheet1 Member=Component R14 100R 1%
Added Member To Class: ClassName=Sheet1 Member=Component R15 5.1K 1%
Added Member To Class: ClassName=Sheet1 Member=Component R16 10K 1%
Added Member To Class: ClassName=Sheet1 Member=Component R17 10K 1%
Added Member To Class: ClassName=Sheet1 Member=Component R18 10K 1%
Added Member To Class: ClassName=Sheet1 Member=Component R19 10K 1%
Added Member To Class: ClassName=Sheet1 Member=Component R20 10K 1%
Added Member To Class: ClassName=Sheet1 Member=Component TP1 P100_H2
Added Member To Class: ClassName=Sheet1 Member=Component TP2 P100_H2
Added Member To Class: ClassName=Sheet1 Member=Component TP3 P100_H2
Added Member To Class: ClassName=Sheet1 Member=Component TP4 P100_H2
Added Member To Class: ClassName=Sheet1 Member=Component TP5 P100_H2
Added Member To Class: ClassName=Sheet1 Member=Component TP6 P100_H2
Added Member To Class: ClassName=Sheet1 Member=Component TP7 P100_H5
Added Member To Class: ClassName=Sheet1 Member=Component TP8 P100_H5
Added Member To Class: ClassName=Sheet1 Member=Component TP9 P100_H5
Added Member To Class: ClassName=Sheet1 Member=Component TP10 P100_H5
Added Member To Class: ClassName=Sheet1 Member=Component TP11 P100_H2
Added Member To Class: ClassName=Sheet1 Member=Component TP12 P100_H2
Added Member To Class: ClassName=Sheet1 Member=Component TP13 P100_H2
Added Member To Class: ClassName=Sheet1 Member=Component TP14 P100_H2
Added Member To Class: ClassName=Sheet1 Member=Component TP15 P100_H2
Added Member To Class: ClassName=Sheet1 Member=Component TP16 P100_H2
Added Member To Class: ClassName=Sheet1 Member=Component TP17 P100_H5
Added Member To Class: ClassName=Sheet1 Member=Component TP18 P100_H5
Added Member To Class: ClassName=Sheet1 Member=Component TP19 P100_H5
Added Member To Class: ClassName=Sheet1 Member=Component TP20 P100_H5
Added Member To Class: ClassName=Sheet1 Member=Component TP21 P100_H2
Added Member To Class: ClassName=Sheet1 Member=Component TP22 P100_H2
Added Member To Class: ClassName=Sheet1 Member=Component TP23 P100_H2
Added Member To Class: ClassName=Sheet1 Member=Component TP24 P100_H2
Added Member To Class: ClassName=Sheet1 Member=Component TP25 P100_H2
Added Member To Class: ClassName=Sheet1 Member=Component TP26 P100_H2
Added Member To Class: ClassName=Sheet1 Member=Component TP27 P100_H5
Added Member To Class: ClassName=Sheet1 Member=Component TP28 P100_H5
Added Member To Class: ClassName=Sheet1 Member=Component TP29 P100_H5
Added Member To Class: ClassName=Sheet1 Member=Component TP30 P100_H5
Added Member To Class: ClassName=Sheet1 Member=Component TP31 P100_H2
Added Member To Class: ClassName=Sheet1 Member=Component TP32 P100_H2
Added Member To Class: ClassName=Sheet1 Member=Component TP33 P100_H2
Added Member To Class: ClassName=Sheet1 Member=Component TP34 P100_H2
Added Member To Class: ClassName=Sheet1 Member=Component TP35 P100_H2
Added Member To Class: ClassName=Sheet1 Member=Component TP36 P100_H2
Added Member To Class: ClassName=Sheet1 Member=Component TP37 P100_H5
Added Member To Class: ClassName=Sheet1 Member=Component TP38 P100_H5
Added Member To Class: ClassName=Sheet1 Member=Component TP39 P100_H5
Added Member To Class: ClassName=Sheet1 Member=Component TP40 P100_H5
Added Member To Class: ClassName=Sheet1 Member=Component TP41 P100_H2
Added Member To Class: ClassName=Sheet1 Member=Component TP42 P100_H2
Added Member To Class: ClassName=Sheet1 Member=Component TP43 P100_H2
Added Member To Class: ClassName=Sheet1 Member=Component TP44 P100_H2
Added Member To Class: ClassName=Sheet1 Member=Component TP45 P100_H2
Added Member To Class: ClassName=Sheet1 Member=Component TP46 P100_H2
Added Member To Class: ClassName=Sheet1 Member=Component TP47 P100_H5
Added Member To Class: ClassName=Sheet1 Member=Component TP48 P100_H5
Added Member To Class: ClassName=Sheet1 Member=Component TP49 P100_H5
Added Member To Class: ClassName=Sheet1 Member=Component TP50 P100_H5
Added Member To Class: ClassName=Sheet1 Member=Component TP51 P100_H2
Added Member To Class: ClassName=Sheet1 Member=Component TP52 P100_H2
Added Member To Class: ClassName=Sheet1 Member=Component TP53 P100_H2
Added Member To Class: ClassName=Sheet1 Member=Component TP54 P100_H2
Added Member To Class: ClassName=Sheet1 Member=Component TP55 P100_H2
Added Member To Class: ClassName=Sheet1 Member=Component TP56 P100_H2
Added Member To Class: ClassName=Sheet1 Member=Component TP57 P100_H5
Added Member To Class: ClassName=Sheet1 Member=Component TP58 P100_H5
Added Member To Class: ClassName=Sheet1 Member=Component TP59 P100_H5
Added Member To Class: ClassName=Sheet1 Member=Component TP60 P100_H5
Added Member To Class: ClassName=Sheet1 Member=Component TP61 P100_H2
Added Member To Class: ClassName=Sheet1 Member=Component TP62 P100_H2
Added Member To Class: ClassName=Sheet1 Member=Component TP63 P100_H2
Added Member To Class: ClassName=Sheet1 Member=Component TP64 P100_H2
Added Member To Class: ClassName=Sheet1 Member=Component TP65 P100_H2
Added Member To Class: ClassName=Sheet1 Member=Component TP66 P100_H2
Added Member To Class: ClassName=Sheet1 Member=Component TP67 P100_H5
Added Member To Class: ClassName=Sheet1 Member=Component TP68 P100_H5
Added Member To Class: ClassName=Sheet1 Member=Component TP69 P100_H5
Added Member To Class: ClassName=Sheet1 Member=Component TP70 P100_H5
Added Member To Class: ClassName=Sheet1 Member=Component TP71 P100_H2
Added Member To Class: ClassName=Sheet1 Member=Component TP72 P100_H2
Added Member To Class: ClassName=Sheet1 Member=Component TP73 P100_H2
Added Member To Class: ClassName=Sheet1 Member=Component TP74 P100_H2
Added Member To Class: ClassName=Sheet1 Member=Component TP75 P100_H2
Added Member To Class: ClassName=Sheet1 Member=Component TP76 P100_H2
Added Member To Class: ClassName=Sheet1 Member=Component TP77 P100_H5
Added Member To Class: ClassName=Sheet1 Member=Component TP78 P100_H5
Added Member To Class: ClassName=Sheet1 Member=Component TP79 P100_H5
Added Member To Class: ClassName=Sheet1 Member=Component TP80 P100_H5
Added Member To Class: ClassName=Sheet1 Member=Component U1 TPS54335A-QFN
Added Member To Class: ClassName=Sheet1 Member=Component U2 TXS0108EPWR
Added Member To Class: ClassName=Sheet1 Member=Component U3 78L33
Added Member To Class: ClassName=Sheet1 Member=Component U4 TXS0108EPWR
Added Member To Class: ClassName=Sheet1 Member=Component U5 STM32F103CBUX
Added Member To Class: ClassName=Sheet1 Member=Component U6 TXS0108EPWR
Added Member To Class: ClassName=Sheet1 Member=Component U？1 SI1021T
Added Member To Class: ClassName=Sheet1 Member=Component Y1 25Mhz
