Added Component: Designator=JP1(XH2.54-WS-4P)
Add component (AddParameter): Name = "BOM名称"; Value = "4P接插件"; VariantName = "[No Variations]"
Add component (AddParameter): Name = "学习资源"; Value = "www.ooocke.com"; VariantName = "[No Variations]"
Add component (AddParameter): Name = "版权归属"; Value = "源创客"; VariantName = "[No Variations]"
Added Component: Designator=JP2(XH2.54-WS-4P)
Add component (AddParameter): Name = "BOM名称"; Value = "4P接插件"; VariantName = "[No Variations]"
Add component (AddParameter): Name = "学习资源"; Value = "www.ooocke.com"; VariantName = "[No Variations]"
Add component (AddParameter): Name = "版权归属"; Value = "源创客"; VariantName = "[No Variations]"
Added Component: Designator=JP3(XH2.54-WS-4P)
Add component (AddParameter): Name = "BOM名称"; Value = "4P接插件"; VariantName = "[No Variations]"
Add component (AddParameter): Name = "学习资源"; Value = "www.ooocke.com"; VariantName = "[No Variations]"
Add component (AddParameter): Name = "版权归属"; Value = "源创客"; VariantName = "[No Variations]"
Added Component: Designator=JP4(XH2.54-WS-4P)
Add component (AddParameter): Name = "BOM名称"; Value = "4P接插件"; VariantName = "[No Variations]"
Add component (AddParameter): Name = "学习资源"; Value = "www.ooocke.com"; VariantName = "[No Variations]"
Add component (AddParameter): Name = "版权归属"; Value = "源创客"; VariantName = "[No Variations]"
Added Component: Designator=JP5(XH2.54-WS-4P)
Add component (AddParameter): Name = "BOM名称"; Value = "4P接插件"; VariantName = "[No Variations]"
Add component (AddParameter): Name = "学习资源"; Value = "www.ooocke.com"; VariantName = "[No Variations]"
Add component (AddParameter): Name = "版权归属"; Value = "源创客"; VariantName = "[No Variations]"
Added Component: Designator=JP6(XH2.54-WS-4P)
Add component (AddParameter): Name = "BOM名称"; Value = "4P接插件"; VariantName = "[No Variations]"
Add component (AddParameter): Name = "学习资源"; Value = "www.ooocke.com"; VariantName = "[No Variations]"
Add component (AddParameter): Name = "版权归属"; Value = "源创客"; VariantName = "[No Variations]"
Added Component: Designator=JP7(XH2.54-WS-4P)
Add component (AddParameter): Name = "BOM名称"; Value = "4P接插件"; VariantName = "[No Variations]"
Add component (AddParameter): Name = "学习资源"; Value = "www.ooocke.com"; VariantName = "[No Variations]"
Add component (AddParameter): Name = "版权归属"; Value = "源创客"; VariantName = "[No Variations]"
Added Component: Designator=JP8(XH2.54-WS-4P)
Add component (AddParameter): Name = "BOM名称"; Value = "4P接插件"; VariantName = "[No Variations]"
Add component (AddParameter): Name = "学习资源"; Value = "www.ooocke.com"; VariantName = "[No Variations]"
Add component (AddParameter): Name = "版权归属"; Value = "源创客"; VariantName = "[No Variations]"
Added Component: Designator=JP9(DC-005P)
Add component (AddParameter): Name = "BOM名称"; Value = "2P接插件"; VariantName = "[No Variations]"
Add component (AddParameter): Name = "学习资源"; Value = "www.ooocke.com"; VariantName = "[No Variations]"
Add component (AddParameter): Name = "版权归属"; Value = "源创客"; VariantName = "[No Variations]"
Added Component: Designator=JP10(MX 1.25-WS-12P)
Add component (AddParameter): Name = "BOM名称"; Value = "12P接插件"; VariantName = "[No Variations]"
Add component (AddParameter): Name = "学习资源"; Value = "www.ooocke.com"; VariantName = "[No Variations]"
Add component (AddParameter): Name = "版权归属"; Value = "源创客"; VariantName = "[No Variations]"
Added Component: Designator=JP11(XH2.54-WS-3P)
Add component (AddParameter): Name = "BOM名称"; Value = "3P接插件"; VariantName = "[No Variations]"
Add component (AddParameter): Name = "学习资源"; Value = "www.ooocke.com"; VariantName = "[No Variations]"
Add component (AddParameter): Name = "版权归属"; Value = "源创客"; VariantName = "[No Variations]"
Added Component: Designator=JP12(MX 1.25-WS-12P)
Add component (AddParameter): Name = "BOM名称"; Value = "12P接插件"; VariantName = "[No Variations]"
Add component (AddParameter): Name = "学习资源"; Value = "www.ooocke.com"; VariantName = "[No Variations]"
Add component (AddParameter): Name = "版权归属"; Value = "源创客"; VariantName = "[No Variations]"
Added Component: Designator=TP1(P100_H2)
Add component (AddParameter): Name = "BOM名称"; Value = "测试点"; VariantName = "[No Variations]"
Add component (AddParameter): Name = "学习资源"; Value = "www.ooocke.com"; VariantName = "[No Variations]"
Add component (AddParameter): Name = "版权归属"; Value = "源创客"; VariantName = "[No Variations]"
Added Component: Designator=TP2(P100_H2)
Add component (AddParameter): Name = "BOM名称"; Value = "测试点"; VariantName = "[No Variations]"
Add component (AddParameter): Name = "学习资源"; Value = "www.ooocke.com"; VariantName = "[No Variations]"
Add component (AddParameter): Name = "版权归属"; Value = "源创客"; VariantName = "[No Variations]"
Added Component: Designator=TP3(P100_H2)
Add component (AddParameter): Name = "BOM名称"; Value = "测试点"; VariantName = "[No Variations]"
Add component (AddParameter): Name = "学习资源"; Value = "www.ooocke.com"; VariantName = "[No Variations]"
Add component (AddParameter): Name = "版权归属"; Value = "源创客"; VariantName = "[No Variations]"
Added Component: Designator=TP4(P100_H2)
Add component (AddParameter): Name = "BOM名称"; Value = "测试点"; VariantName = "[No Variations]"
Add component (AddParameter): Name = "学习资源"; Value = "www.ooocke.com"; VariantName = "[No Variations]"
Add component (AddParameter): Name = "版权归属"; Value = "源创客"; VariantName = "[No Variations]"
Added Component: Designator=TP5(P100_H2)
Add component (AddParameter): Name = "BOM名称"; Value = "测试点"; VariantName = "[No Variations]"
Add component (AddParameter): Name = "学习资源"; Value = "www.ooocke.com"; VariantName = "[No Variations]"
Add component (AddParameter): Name = "版权归属"; Value = "源创客"; VariantName = "[No Variations]"
Added Component: Designator=TP6(P100_H2)
Add component (AddParameter): Name = "BOM名称"; Value = "测试点"; VariantName = "[No Variations]"
Add component (AddParameter): Name = "学习资源"; Value = "www.ooocke.com"; VariantName = "[No Variations]"
Add component (AddParameter): Name = "版权归属"; Value = "源创客"; VariantName = "[No Variations]"
Added Component: Designator=TP7(P100_H5)
Add component (AddParameter): Name = "BOM名称"; Value = "测试点"; VariantName = "[No Variations]"
Add component (AddParameter): Name = "学习资源"; Value = "www.ooocke.com"; VariantName = "[No Variations]"
Add component (AddParameter): Name = "版权归属"; Value = "源创客"; VariantName = "[No Variations]"
Added Component: Designator=TP8(P100_H5)
Add component (AddParameter): Name = "BOM名称"; Value = "测试点"; VariantName = "[No Variations]"
Add component (AddParameter): Name = "学习资源"; Value = "www.ooocke.com"; VariantName = "[No Variations]"
Add component (AddParameter): Name = "版权归属"; Value = "源创客"; VariantName = "[No Variations]"
Added Component: Designator=TP9(P100_H5)
Add component (AddParameter): Name = "BOM名称"; Value = "测试点"; VariantName = "[No Variations]"
Add component (AddParameter): Name = "学习资源"; Value = "www.ooocke.com"; VariantName = "[No Variations]"
Add component (AddParameter): Name = "版权归属"; Value = "源创客"; VariantName = "[No Variations]"
Added Component: Designator=TP10(P100_H5)
Add component (AddParameter): Name = "BOM名称"; Value = "测试点"; VariantName = "[No Variations]"
Add component (AddParameter): Name = "学习资源"; Value = "www.ooocke.com"; VariantName = "[No Variations]"
Add component (AddParameter): Name = "版权归属"; Value = "源创客"; VariantName = "[No Variations]"
Added Component: Designator=TP11(P100_H2)
Add component (AddParameter): Name = "BOM名称"; Value = "测试点"; VariantName = "[No Variations]"
Add component (AddParameter): Name = "学习资源"; Value = "www.ooocke.com"; VariantName = "[No Variations]"
Add component (AddParameter): Name = "版权归属"; Value = "源创客"; VariantName = "[No Variations]"
Added Component: Designator=TP12(P100_H2)
Add component (AddParameter): Name = "BOM名称"; Value = "测试点"; VariantName = "[No Variations]"
Add component (AddParameter): Name = "学习资源"; Value = "www.ooocke.com"; VariantName = "[No Variations]"
Add component (AddParameter): Name = "版权归属"; Value = "源创客"; VariantName = "[No Variations]"
Added Component: Designator=TP13(P100_H2)
Add component (AddParameter): Name = "BOM名称"; Value = "测试点"; VariantName = "[No Variations]"
Add component (AddParameter): Name = "学习资源"; Value = "www.ooocke.com"; VariantName = "[No Variations]"
Add component (AddParameter): Name = "版权归属"; Value = "源创客"; VariantName = "[No Variations]"
Added Component: Designator=TP14(P100_H2)
Add component (AddParameter): Name = "BOM名称"; Value = "测试点"; VariantName = "[No Variations]"
Add component (AddParameter): Name = "学习资源"; Value = "www.ooocke.com"; VariantName = "[No Variations]"
Add component (AddParameter): Name = "版权归属"; Value = "源创客"; VariantName = "[No Variations]"
Added Component: Designator=TP15(P100_H2)
Add component (AddParameter): Name = "BOM名称"; Value = "测试点"; VariantName = "[No Variations]"
Add component (AddParameter): Name = "学习资源"; Value = "www.ooocke.com"; VariantName = "[No Variations]"
Add component (AddParameter): Name = "版权归属"; Value = "源创客"; VariantName = "[No Variations]"
Added Component: Designator=TP16(P100_H2)
Add component (AddParameter): Name = "BOM名称"; Value = "测试点"; VariantName = "[No Variations]"
Add component (AddParameter): Name = "学习资源"; Value = "www.ooocke.com"; VariantName = "[No Variations]"
Add component (AddParameter): Name = "版权归属"; Value = "源创客"; VariantName = "[No Variations]"
Added Component: Designator=TP17(P100_H5)
Add component (AddParameter): Name = "BOM名称"; Value = "测试点"; VariantName = "[No Variations]"
Add component (AddParameter): Name = "学习资源"; Value = "www.ooocke.com"; VariantName = "[No Variations]"
Add component (AddParameter): Name = "版权归属"; Value = "源创客"; VariantName = "[No Variations]"
Added Component: Designator=TP18(P100_H5)
Add component (AddParameter): Name = "BOM名称"; Value = "测试点"; VariantName = "[No Variations]"
Add component (AddParameter): Name = "学习资源"; Value = "www.ooocke.com"; VariantName = "[No Variations]"
Add component (AddParameter): Name = "版权归属"; Value = "源创客"; VariantName = "[No Variations]"
Added Component: Designator=TP19(P100_H5)
Add component (AddParameter): Name = "BOM名称"; Value = "测试点"; VariantName = "[No Variations]"
Add component (AddParameter): Name = "学习资源"; Value = "www.ooocke.com"; VariantName = "[No Variations]"
Add component (AddParameter): Name = "版权归属"; Value = "源创客"; VariantName = "[No Variations]"
Added Component: Designator=TP20(P100_H5)
Add component (AddParameter): Name = "BOM名称"; Value = "测试点"; VariantName = "[No Variations]"
Add component (AddParameter): Name = "学习资源"; Value = "www.ooocke.com"; VariantName = "[No Variations]"
Add component (AddParameter): Name = "版权归属"; Value = "源创客"; VariantName = "[No Variations]"
Added Component: Designator=TP21(P100_H2)
Add component (AddParameter): Name = "BOM名称"; Value = "测试点"; VariantName = "[No Variations]"
Add component (AddParameter): Name = "学习资源"; Value = "www.ooocke.com"; VariantName = "[No Variations]"
Add component (AddParameter): Name = "版权归属"; Value = "源创客"; VariantName = "[No Variations]"
Added Component: Designator=TP22(P100_H2)
Add component (AddParameter): Name = "BOM名称"; Value = "测试点"; VariantName = "[No Variations]"
Add component (AddParameter): Name = "学习资源"; Value = "www.ooocke.com"; VariantName = "[No Variations]"
Add component (AddParameter): Name = "版权归属"; Value = "源创客"; VariantName = "[No Variations]"
Added Component: Designator=TP23(P100_H2)
Add component (AddParameter): Name = "BOM名称"; Value = "测试点"; VariantName = "[No Variations]"
Add component (AddParameter): Name = "学习资源"; Value = "www.ooocke.com"; VariantName = "[No Variations]"
Add component (AddParameter): Name = "版权归属"; Value = "源创客"; VariantName = "[No Variations]"
Added Component: Designator=TP24(P100_H2)
Add component (AddParameter): Name = "BOM名称"; Value = "测试点"; VariantName = "[No Variations]"
Add component (AddParameter): Name = "学习资源"; Value = "www.ooocke.com"; VariantName = "[No Variations]"
Add component (AddParameter): Name = "版权归属"; Value = "源创客"; VariantName = "[No Variations]"
Added Component: Designator=TP25(P100_H2)
Add component (AddParameter): Name = "BOM名称"; Value = "测试点"; VariantName = "[No Variations]"
Add component (AddParameter): Name = "学习资源"; Value = "www.ooocke.com"; VariantName = "[No Variations]"
Add component (AddParameter): Name = "版权归属"; Value = "源创客"; VariantName = "[No Variations]"
Added Component: Designator=TP26(P100_H2)
Add component (AddParameter): Name = "BOM名称"; Value = "测试点"; VariantName = "[No Variations]"
Add component (AddParameter): Name = "学习资源"; Value = "www.ooocke.com"; VariantName = "[No Variations]"
Add component (AddParameter): Name = "版权归属"; Value = "源创客"; VariantName = "[No Variations]"
Added Component: Designator=TP27(P100_H5)
Add component (AddParameter): Name = "BOM名称"; Value = "测试点"; VariantName = "[No Variations]"
Add component (AddParameter): Name = "学习资源"; Value = "www.ooocke.com"; VariantName = "[No Variations]"
Add component (AddParameter): Name = "版权归属"; Value = "源创客"; VariantName = "[No Variations]"
Added Component: Designator=TP28(P100_H5)
Add component (AddParameter): Name = "BOM名称"; Value = "测试点"; VariantName = "[No Variations]"
Add component (AddParameter): Name = "学习资源"; Value = "www.ooocke.com"; VariantName = "[No Variations]"
Add component (AddParameter): Name = "版权归属"; Value = "源创客"; VariantName = "[No Variations]"
Added Component: Designator=TP29(P100_H5)
Add component (AddParameter): Name = "BOM名称"; Value = "测试点"; VariantName = "[No Variations]"
Add component (AddParameter): Name = "学习资源"; Value = "www.ooocke.com"; VariantName = "[No Variations]"
Add component (AddParameter): Name = "版权归属"; Value = "源创客"; VariantName = "[No Variations]"
Added Component: Designator=TP30(P100_H5)
Add component (AddParameter): Name = "BOM名称"; Value = "测试点"; VariantName = "[No Variations]"
Add component (AddParameter): Name = "学习资源"; Value = "www.ooocke.com"; VariantName = "[No Variations]"
Add component (AddParameter): Name = "版权归属"; Value = "源创客"; VariantName = "[No Variations]"
Added Component: Designator=TP31(P100_H2)
Add component (AddParameter): Name = "BOM名称"; Value = "测试点"; VariantName = "[No Variations]"
Add component (AddParameter): Name = "学习资源"; Value = "www.ooocke.com"; VariantName = "[No Variations]"
Add component (AddParameter): Name = "版权归属"; Value = "源创客"; VariantName = "[No Variations]"
Added Component: Designator=TP32(P100_H2)
Add component (AddParameter): Name = "BOM名称"; Value = "测试点"; VariantName = "[No Variations]"
Add component (AddParameter): Name = "学习资源"; Value = "www.ooocke.com"; VariantName = "[No Variations]"
Add component (AddParameter): Name = "版权归属"; Value = "源创客"; VariantName = "[No Variations]"
Added Component: Designator=TP33(P100_H2)
Add component (AddParameter): Name = "BOM名称"; Value = "测试点"; VariantName = "[No Variations]"
Add component (AddParameter): Name = "学习资源"; Value = "www.ooocke.com"; VariantName = "[No Variations]"
Add component (AddParameter): Name = "版权归属"; Value = "源创客"; VariantName = "[No Variations]"
Added Component: Designator=TP34(P100_H2)
Add component (AddParameter): Name = "BOM名称"; Value = "测试点"; VariantName = "[No Variations]"
Add component (AddParameter): Name = "学习资源"; Value = "www.ooocke.com"; VariantName = "[No Variations]"
Add component (AddParameter): Name = "版权归属"; Value = "源创客"; VariantName = "[No Variations]"
Added Component: Designator=TP35(P100_H2)
Add component (AddParameter): Name = "BOM名称"; Value = "测试点"; VariantName = "[No Variations]"
Add component (AddParameter): Name = "学习资源"; Value = "www.ooocke.com"; VariantName = "[No Variations]"
Add component (AddParameter): Name = "版权归属"; Value = "源创客"; VariantName = "[No Variations]"
Added Component: Designator=TP36(P100_H2)
Add component (AddParameter): Name = "BOM名称"; Value = "测试点"; VariantName = "[No Variations]"
Add component (AddParameter): Name = "学习资源"; Value = "www.ooocke.com"; VariantName = "[No Variations]"
Add component (AddParameter): Name = "版权归属"; Value = "源创客"; VariantName = "[No Variations]"
Added Component: Designator=TP37(P100_H5)
Add component (AddParameter): Name = "BOM名称"; Value = "测试点"; VariantName = "[No Variations]"
Add component (AddParameter): Name = "学习资源"; Value = "www.ooocke.com"; VariantName = "[No Variations]"
Add component (AddParameter): Name = "版权归属"; Value = "源创客"; VariantName = "[No Variations]"
Added Component: Designator=TP38(P100_H5)
Add component (AddParameter): Name = "BOM名称"; Value = "测试点"; VariantName = "[No Variations]"
Add component (AddParameter): Name = "学习资源"; Value = "www.ooocke.com"; VariantName = "[No Variations]"
Add component (AddParameter): Name = "版权归属"; Value = "源创客"; VariantName = "[No Variations]"
Added Component: Designator=TP39(P100_H5)
Add component (AddParameter): Name = "BOM名称"; Value = "测试点"; VariantName = "[No Variations]"
Add component (AddParameter): Name = "学习资源"; Value = "www.ooocke.com"; VariantName = "[No Variations]"
Add component (AddParameter): Name = "版权归属"; Value = "源创客"; VariantName = "[No Variations]"
Added Component: Designator=TP40(P100_H5)
Add component (AddParameter): Name = "BOM名称"; Value = "测试点"; VariantName = "[No Variations]"
Add component (AddParameter): Name = "学习资源"; Value = "www.ooocke.com"; VariantName = "[No Variations]"
Add component (AddParameter): Name = "版权归属"; Value = "源创客"; VariantName = "[No Variations]"
Added Component: Designator=TP41(P100_H2)
Add component (AddParameter): Name = "BOM名称"; Value = "测试点"; VariantName = "[No Variations]"
Add component (AddParameter): Name = "学习资源"; Value = "www.ooocke.com"; VariantName = "[No Variations]"
Add component (AddParameter): Name = "版权归属"; Value = "源创客"; VariantName = "[No Variations]"
Added Component: Designator=TP42(P100_H2)
Add component (AddParameter): Name = "BOM名称"; Value = "测试点"; VariantName = "[No Variations]"
Add component (AddParameter): Name = "学习资源"; Value = "www.ooocke.com"; VariantName = "[No Variations]"
Add component (AddParameter): Name = "版权归属"; Value = "源创客"; VariantName = "[No Variations]"
Added Component: Designator=TP43(P100_H2)
Add component (AddParameter): Name = "BOM名称"; Value = "测试点"; VariantName = "[No Variations]"
Add component (AddParameter): Name = "学习资源"; Value = "www.ooocke.com"; VariantName = "[No Variations]"
Add component (AddParameter): Name = "版权归属"; Value = "源创客"; VariantName = "[No Variations]"
Added Component: Designator=TP44(P100_H2)
Add component (AddParameter): Name = "BOM名称"; Value = "测试点"; VariantName = "[No Variations]"
Add component (AddParameter): Name = "学习资源"; Value = "www.ooocke.com"; VariantName = "[No Variations]"
Add component (AddParameter): Name = "版权归属"; Value = "源创客"; VariantName = "[No Variations]"
Added Component: Designator=TP45(P100_H2)
Add component (AddParameter): Name = "BOM名称"; Value = "测试点"; VariantName = "[No Variations]"
Add component (AddParameter): Name = "学习资源"; Value = "www.ooocke.com"; VariantName = "[No Variations]"
Add component (AddParameter): Name = "版权归属"; Value = "源创客"; VariantName = "[No Variations]"
Added Component: Designator=TP46(P100_H2)
Add component (AddParameter): Name = "BOM名称"; Value = "测试点"; VariantName = "[No Variations]"
Add component (AddParameter): Name = "学习资源"; Value = "www.ooocke.com"; VariantName = "[No Variations]"
Add component (AddParameter): Name = "版权归属"; Value = "源创客"; VariantName = "[No Variations]"
Added Component: Designator=TP47(P100_H5)
Add component (AddParameter): Name = "BOM名称"; Value = "测试点"; VariantName = "[No Variations]"
Add component (AddParameter): Name = "学习资源"; Value = "www.ooocke.com"; VariantName = "[No Variations]"
Add component (AddParameter): Name = "版权归属"; Value = "源创客"; VariantName = "[No Variations]"
Added Component: Designator=TP48(P100_H5)
Add component (AddParameter): Name = "BOM名称"; Value = "测试点"; VariantName = "[No Variations]"
Add component (AddParameter): Name = "学习资源"; Value = "www.ooocke.com"; VariantName = "[No Variations]"
Add component (AddParameter): Name = "版权归属"; Value = "源创客"; VariantName = "[No Variations]"
Added Component: Designator=TP49(P100_H5)
Add component (AddParameter): Name = "BOM名称"; Value = "测试点"; VariantName = "[No Variations]"
Add component (AddParameter): Name = "学习资源"; Value = "www.ooocke.com"; VariantName = "[No Variations]"
Add component (AddParameter): Name = "版权归属"; Value = "源创客"; VariantName = "[No Variations]"
Added Component: Designator=TP50(P100_H5)
Add component (AddParameter): Name = "BOM名称"; Value = "测试点"; VariantName = "[No Variations]"
Add component (AddParameter): Name = "学习资源"; Value = "www.ooocke.com"; VariantName = "[No Variations]"
Add component (AddParameter): Name = "版权归属"; Value = "源创客"; VariantName = "[No Variations]"
Added Component: Designator=TP51(P100_H2)
Add component (AddParameter): Name = "BOM名称"; Value = "测试点"; VariantName = "[No Variations]"
Add component (AddParameter): Name = "学习资源"; Value = "www.ooocke.com"; VariantName = "[No Variations]"
Add component (AddParameter): Name = "版权归属"; Value = "源创客"; VariantName = "[No Variations]"
Added Component: Designator=TP52(P100_H2)
Add component (AddParameter): Name = "BOM名称"; Value = "测试点"; VariantName = "[No Variations]"
Add component (AddParameter): Name = "学习资源"; Value = "www.ooocke.com"; VariantName = "[No Variations]"
Add component (AddParameter): Name = "版权归属"; Value = "源创客"; VariantName = "[No Variations]"
Added Component: Designator=TP53(P100_H2)
Add component (AddParameter): Name = "BOM名称"; Value = "测试点"; VariantName = "[No Variations]"
Add component (AddParameter): Name = "学习资源"; Value = "www.ooocke.com"; VariantName = "[No Variations]"
Add component (AddParameter): Name = "版权归属"; Value = "源创客"; VariantName = "[No Variations]"
Added Component: Designator=TP54(P100_H2)
Add component (AddParameter): Name = "BOM名称"; Value = "测试点"; VariantName = "[No Variations]"
Add component (AddParameter): Name = "学习资源"; Value = "www.ooocke.com"; VariantName = "[No Variations]"
Add component (AddParameter): Name = "版权归属"; Value = "源创客"; VariantName = "[No Variations]"
Added Component: Designator=TP55(P100_H2)
Add component (AddParameter): Name = "BOM名称"; Value = "测试点"; VariantName = "[No Variations]"
Add component (AddParameter): Name = "学习资源"; Value = "www.ooocke.com"; VariantName = "[No Variations]"
Add component (AddParameter): Name = "版权归属"; Value = "源创客"; VariantName = "[No Variations]"
Added Component: Designator=TP56(P100_H2)
Add component (AddParameter): Name = "BOM名称"; Value = "测试点"; VariantName = "[No Variations]"
Add component (AddParameter): Name = "学习资源"; Value = "www.ooocke.com"; VariantName = "[No Variations]"
Add component (AddParameter): Name = "版权归属"; Value = "源创客"; VariantName = "[No Variations]"
Added Component: Designator=TP57(P100_H5)
Add component (AddParameter): Name = "BOM名称"; Value = "测试点"; VariantName = "[No Variations]"
Add component (AddParameter): Name = "学习资源"; Value = "www.ooocke.com"; VariantName = "[No Variations]"
Add component (AddParameter): Name = "版权归属"; Value = "源创客"; VariantName = "[No Variations]"
Added Component: Designator=TP58(P100_H5)
Add component (AddParameter): Name = "BOM名称"; Value = "测试点"; VariantName = "[No Variations]"
Add component (AddParameter): Name = "学习资源"; Value = "www.ooocke.com"; VariantName = "[No Variations]"
Add component (AddParameter): Name = "版权归属"; Value = "源创客"; VariantName = "[No Variations]"
Added Component: Designator=TP59(P100_H5)
Add component (AddParameter): Name = "BOM名称"; Value = "测试点"; VariantName = "[No Variations]"
Add component (AddParameter): Name = "学习资源"; Value = "www.ooocke.com"; VariantName = "[No Variations]"
Add component (AddParameter): Name = "版权归属"; Value = "源创客"; VariantName = "[No Variations]"
Added Component: Designator=TP60(P100_H5)
Add component (AddParameter): Name = "BOM名称"; Value = "测试点"; VariantName = "[No Variations]"
Add component (AddParameter): Name = "学习资源"; Value = "www.ooocke.com"; VariantName = "[No Variations]"
Add component (AddParameter): Name = "版权归属"; Value = "源创客"; VariantName = "[No Variations]"
Added Component: Designator=TP61(P100_H2)
Add component (AddParameter): Name = "BOM名称"; Value = "测试点"; VariantName = "[No Variations]"
Add component (AddParameter): Name = "学习资源"; Value = "www.ooocke.com"; VariantName = "[No Variations]"
Add component (AddParameter): Name = "版权归属"; Value = "源创客"; VariantName = "[No Variations]"
Added Component: Designator=TP62(P100_H2)
Add component (AddParameter): Name = "BOM名称"; Value = "测试点"; VariantName = "[No Variations]"
Add component (AddParameter): Name = "学习资源"; Value = "www.ooocke.com"; VariantName = "[No Variations]"
Add component (AddParameter): Name = "版权归属"; Value = "源创客"; VariantName = "[No Variations]"
Added Component: Designator=TP63(P100_H2)
Add component (AddParameter): Name = "BOM名称"; Value = "测试点"; VariantName = "[No Variations]"
Add component (AddParameter): Name = "学习资源"; Value = "www.ooocke.com"; VariantName = "[No Variations]"
Add component (AddParameter): Name = "版权归属"; Value = "源创客"; VariantName = "[No Variations]"
Added Component: Designator=TP64(P100_H2)
Add component (AddParameter): Name = "BOM名称"; Value = "测试点"; VariantName = "[No Variations]"
Add component (AddParameter): Name = "学习资源"; Value = "www.ooocke.com"; VariantName = "[No Variations]"
Add component (AddParameter): Name = "版权归属"; Value = "源创客"; VariantName = "[No Variations]"
Added Component: Designator=TP65(P100_H2)
Add component (AddParameter): Name = "BOM名称"; Value = "测试点"; VariantName = "[No Variations]"
Add component (AddParameter): Name = "学习资源"; Value = "www.ooocke.com"; VariantName = "[No Variations]"
Add component (AddParameter): Name = "版权归属"; Value = "源创客"; VariantName = "[No Variations]"
Added Component: Designator=TP66(P100_H2)
Add component (AddParameter): Name = "BOM名称"; Value = "测试点"; VariantName = "[No Variations]"
Add component (AddParameter): Name = "学习资源"; Value = "www.ooocke.com"; VariantName = "[No Variations]"
Add component (AddParameter): Name = "版权归属"; Value = "源创客"; VariantName = "[No Variations]"
Added Component: Designator=TP67(P100_H5)
Add component (AddParameter): Name = "BOM名称"; Value = "测试点"; VariantName = "[No Variations]"
Add component (AddParameter): Name = "学习资源"; Value = "www.ooocke.com"; VariantName = "[No Variations]"
Add component (AddParameter): Name = "版权归属"; Value = "源创客"; VariantName = "[No Variations]"
Added Component: Designator=TP68(P100_H5)
Add component (AddParameter): Name = "BOM名称"; Value = "测试点"; VariantName = "[No Variations]"
Add component (AddParameter): Name = "学习资源"; Value = "www.ooocke.com"; VariantName = "[No Variations]"
Add component (AddParameter): Name = "版权归属"; Value = "源创客"; VariantName = "[No Variations]"
Added Component: Designator=TP69(P100_H5)
Add component (AddParameter): Name = "BOM名称"; Value = "测试点"; VariantName = "[No Variations]"
Add component (AddParameter): Name = "学习资源"; Value = "www.ooocke.com"; VariantName = "[No Variations]"
Add component (AddParameter): Name = "版权归属"; Value = "源创客"; VariantName = "[No Variations]"
Added Component: Designator=TP70(P100_H5)
Add component (AddParameter): Name = "BOM名称"; Value = "测试点"; VariantName = "[No Variations]"
Add component (AddParameter): Name = "学习资源"; Value = "www.ooocke.com"; VariantName = "[No Variations]"
Add component (AddParameter): Name = "版权归属"; Value = "源创客"; VariantName = "[No Variations]"
Added Component: Designator=TP71(P100_H2)
Add component (AddParameter): Name = "BOM名称"; Value = "测试点"; VariantName = "[No Variations]"
Add component (AddParameter): Name = "学习资源"; Value = "www.ooocke.com"; VariantName = "[No Variations]"
Add component (AddParameter): Name = "版权归属"; Value = "源创客"; VariantName = "[No Variations]"
Added Component: Designator=TP72(P100_H2)
Add component (AddParameter): Name = "BOM名称"; Value = "测试点"; VariantName = "[No Variations]"
Add component (AddParameter): Name = "学习资源"; Value = "www.ooocke.com"; VariantName = "[No Variations]"
Add component (AddParameter): Name = "版权归属"; Value = "源创客"; VariantName = "[No Variations]"
Added Component: Designator=TP73(P100_H2)
Add component (AddParameter): Name = "BOM名称"; Value = "测试点"; VariantName = "[No Variations]"
Add component (AddParameter): Name = "学习资源"; Value = "www.ooocke.com"; VariantName = "[No Variations]"
Add component (AddParameter): Name = "版权归属"; Value = "源创客"; VariantName = "[No Variations]"
Added Component: Designator=TP74(P100_H2)
Add component (AddParameter): Name = "BOM名称"; Value = "测试点"; VariantName = "[No Variations]"
Add component (AddParameter): Name = "学习资源"; Value = "www.ooocke.com"; VariantName = "[No Variations]"
Add component (AddParameter): Name = "版权归属"; Value = "源创客"; VariantName = "[No Variations]"
Added Component: Designator=TP75(P100_H2)
Add component (AddParameter): Name = "BOM名称"; Value = "测试点"; VariantName = "[No Variations]"
Add component (AddParameter): Name = "学习资源"; Value = "www.ooocke.com"; VariantName = "[No Variations]"
Add component (AddParameter): Name = "版权归属"; Value = "源创客"; VariantName = "[No Variations]"
Added Component: Designator=TP76(P100_H2)
Add component (AddParameter): Name = "BOM名称"; Value = "测试点"; VariantName = "[No Variations]"
Add component (AddParameter): Name = "学习资源"; Value = "www.ooocke.com"; VariantName = "[No Variations]"
Add component (AddParameter): Name = "版权归属"; Value = "源创客"; VariantName = "[No Variations]"
Added Component: Designator=TP77(P100_H5)
Add component (AddParameter): Name = "BOM名称"; Value = "测试点"; VariantName = "[No Variations]"
Add component (AddParameter): Name = "学习资源"; Value = "www.ooocke.com"; VariantName = "[No Variations]"
Add component (AddParameter): Name = "版权归属"; Value = "源创客"; VariantName = "[No Variations]"
Added Component: Designator=TP78(P100_H5)
Add component (AddParameter): Name = "BOM名称"; Value = "测试点"; VariantName = "[No Variations]"
Add component (AddParameter): Name = "学习资源"; Value = "www.ooocke.com"; VariantName = "[No Variations]"
Add component (AddParameter): Name = "版权归属"; Value = "源创客"; VariantName = "[No Variations]"
Added Component: Designator=TP79(P100_H5)
Add component (AddParameter): Name = "BOM名称"; Value = "测试点"; VariantName = "[No Variations]"
Add component (AddParameter): Name = "学习资源"; Value = "www.ooocke.com"; VariantName = "[No Variations]"
Add component (AddParameter): Name = "版权归属"; Value = "源创客"; VariantName = "[No Variations]"
Added Component: Designator=TP80(P100_H5)
Add component (AddParameter): Name = "BOM名称"; Value = "测试点"; VariantName = "[No Variations]"
Add component (AddParameter): Name = "学习资源"; Value = "www.ooocke.com"; VariantName = "[No Variations]"
Add component (AddParameter): Name = "版权归属"; Value = "源创客"; VariantName = "[No Variations]"
Added Pin To Net: NetName=PART1_U Pin=JP1-1
Added Pin To Net: NetName=PART1_V Pin=JP1-2
Added Pin To Net: NetName=PART1_CMP Pin=JP1-3
Added Pin To Net: NetName=PART1_W Pin=JP1-4
Added Pin To Net: NetName=PART2_U Pin=JP2-1
Added Pin To Net: NetName=PART2_V Pin=JP2-2
Added Pin To Net: NetName=PART2_CMP Pin=JP2-3
Added Pin To Net: NetName=PART2_W Pin=JP2-4
Added Pin To Net: NetName=PART3_U Pin=JP3-1
Added Pin To Net: NetName=PART3_V Pin=JP3-2
Added Pin To Net: NetName=PART3_CMP Pin=JP3-3
Added Pin To Net: NetName=PART3_W Pin=JP3-4
Added Pin To Net: NetName=PART4_U Pin=JP4-1
Added Pin To Net: NetName=PART4_V Pin=JP4-2
Added Pin To Net: NetName=PART4_CMP Pin=JP4-3
Added Pin To Net: NetName=PART4_W Pin=JP4-4
Added Pin To Net: NetName=PART5_U Pin=JP5-1
Added Pin To Net: NetName=PART5_V Pin=JP5-2
Added Pin To Net: NetName=PART5_CMP Pin=JP5-3
Added Pin To Net: NetName=PART5_W Pin=JP5-4
Added Pin To Net: NetName=PART6_U Pin=JP6-1
Added Pin To Net: NetName=PART6_V Pin=JP6-2
Added Pin To Net: NetName=PART6_CMP Pin=JP6-3
Added Pin To Net: NetName=PART6_W Pin=JP6-4
Added Pin To Net: NetName=PART7_U Pin=JP7-1
Added Pin To Net: NetName=PART7_V Pin=JP7-2
Added Pin To Net: NetName=PART7_CMP Pin=JP7-3
Added Pin To Net: NetName=PART7_W Pin=JP7-4
Added Pin To Net: NetName=PART8_U Pin=JP8-1
Added Pin To Net: NetName=PART8_V Pin=JP8-2
Added Pin To Net: NetName=PART8_CMP Pin=JP8-3
Added Pin To Net: NetName=PART8_W Pin=JP8-4
Added Pin To Net: NetName=VCC12V Pin=JP9-1
Added Pin To Net: NetName=GND Pin=JP9-2
Added Pin To Net: NetName=PART8_ID1 Pin=JP10-1
Added Pin To Net: NetName=PART8_ID2 Pin=JP10-2
Added Pin To Net: NetName=PART8_ID3 Pin=JP10-3
Added Pin To Net: NetName=PART6_ID1 Pin=JP10-4
Added Pin To Net: NetName=PART6_ID2 Pin=JP10-5
Added Pin To Net: NetName=PART6_ID3 Pin=JP10-6
Added Pin To Net: NetName=PART4_ID1 Pin=JP10-7
Added Pin To Net: NetName=PART4_ID2 Pin=JP10-8
Added Pin To Net: NetName=PART4_ID3 Pin=JP10-9
Added Pin To Net: NetName=PART2_ID1 Pin=JP10-10
Added Pin To Net: NetName=PART2_ID2 Pin=JP10-11
Added Pin To Net: NetName=PART2_ID3 Pin=JP10-12
Added Pin To Net: NetName=VCC12V Pin=JP11-1
Added Pin To Net: NetName=GND Pin=JP11-2
Added Pin To Net: NetName=LIN Pin=JP11-3
Added Pin To Net: NetName=PART1_ID1 Pin=JP12-1
Added Pin To Net: NetName=PART1_ID2 Pin=JP12-2
Added Pin To Net: NetName=PART1_ID3 Pin=JP12-3
Added Pin To Net: NetName=PART3_ID1 Pin=JP12-4
Added Pin To Net: NetName=PART3_ID2 Pin=JP12-5
Added Pin To Net: NetName=PART3_ID3 Pin=JP12-6
Added Pin To Net: NetName=PART5_ID1 Pin=JP12-7
Added Pin To Net: NetName=PART5_ID2 Pin=JP12-8
Added Pin To Net: NetName=PART5_ID3 Pin=JP12-9
Added Pin To Net: NetName=PART7_ID1 Pin=JP12-10
Added Pin To Net: NetName=PART7_ID2 Pin=JP12-11
Added Pin To Net: NetName=PART7_ID3 Pin=JP12-12
Added Pin To Net: NetName=VCC12V Pin=TP1-1
Added Pin To Net: NetName=GND Pin=TP2-1
Added Pin To Net: NetName=LIN Pin=TP3-1
Added Pin To Net: NetName=PART1_ID1 Pin=TP4-1
Added Pin To Net: NetName=PART1_ID2 Pin=TP5-1
Added Pin To Net: NetName=PART1_ID3 Pin=TP6-1
Added Pin To Net: NetName=PART1_CMP Pin=TP7-1
Added Pin To Net: NetName=PART1_U Pin=TP8-1
Added Pin To Net: NetName=PART1_V Pin=TP9-1
Added Pin To Net: NetName=PART1_W Pin=TP10-1
Added Pin To Net: NetName=VCC12V Pin=TP11-1
Added Pin To Net: NetName=GND Pin=TP12-1
Added Pin To Net: NetName=LIN Pin=TP13-1
Added Pin To Net: NetName=PART2_ID1 Pin=TP14-1
Added Pin To Net: NetName=PART2_ID2 Pin=TP15-1
Added Pin To Net: NetName=PART2_ID3 Pin=TP16-1
Added Pin To Net: NetName=PART2_CMP Pin=TP17-1
Added Pin To Net: NetName=PART2_U Pin=TP18-1
Added Pin To Net: NetName=PART2_V Pin=TP19-1
Added Pin To Net: NetName=PART2_W Pin=TP20-1
Added Pin To Net: NetName=VCC12V Pin=TP21-1
Added Pin To Net: NetName=GND Pin=TP22-1
Added Pin To Net: NetName=LIN Pin=TP23-1
Added Pin To Net: NetName=PART3_ID1 Pin=TP24-1
Added Pin To Net: NetName=PART3_ID2 Pin=TP25-1
Added Pin To Net: NetName=PART3_ID3 Pin=TP26-1
Added Pin To Net: NetName=PART3_CMP Pin=TP27-1
Added Pin To Net: NetName=PART3_U Pin=TP28-1
Added Pin To Net: NetName=PART3_V Pin=TP29-1
Added Pin To Net: NetName=PART3_W Pin=TP30-1
Added Pin To Net: NetName=VCC12V Pin=TP31-1
Added Pin To Net: NetName=GND Pin=TP32-1
Added Pin To Net: NetName=LIN Pin=TP33-1
Added Pin To Net: NetName=PART4_ID1 Pin=TP34-1
Added Pin To Net: NetName=PART4_ID2 Pin=TP35-1
Added Pin To Net: NetName=PART4_ID3 Pin=TP36-1
Added Pin To Net: NetName=PART4_CMP Pin=TP37-1
Added Pin To Net: NetName=PART4_U Pin=TP38-1
Added Pin To Net: NetName=PART4_V Pin=TP39-1
Added Pin To Net: NetName=PART4_W Pin=TP40-1
Added Pin To Net: NetName=VCC12V Pin=TP41-1
Added Pin To Net: NetName=GND Pin=TP42-1
Added Pin To Net: NetName=LIN Pin=TP43-1
Added Pin To Net: NetName=PART5_ID1 Pin=TP44-1
Added Pin To Net: NetName=PART5_ID2 Pin=TP45-1
Added Pin To Net: NetName=PART5_ID3 Pin=TP46-1
Added Pin To Net: NetName=PART5_CMP Pin=TP47-1
Added Pin To Net: NetName=PART5_U Pin=TP48-1
Added Pin To Net: NetName=PART5_V Pin=TP49-1
Added Pin To Net: NetName=PART5_W Pin=TP50-1
Added Pin To Net: NetName=VCC12V Pin=TP51-1
Added Pin To Net: NetName=GND Pin=TP52-1
Added Pin To Net: NetName=LIN Pin=TP53-1
Added Pin To Net: NetName=PART6_ID1 Pin=TP54-1
Added Pin To Net: NetName=PART6_ID2 Pin=TP55-1
Added Pin To Net: NetName=PART6_ID3 Pin=TP56-1
Added Pin To Net: NetName=PART6_CMP Pin=TP57-1
Added Pin To Net: NetName=PART6_U Pin=TP58-1
Added Pin To Net: NetName=PART6_V Pin=TP59-1
Added Pin To Net: NetName=PART6_W Pin=TP60-1
Added Pin To Net: NetName=VCC12V Pin=TP61-1
Added Pin To Net: NetName=GND Pin=TP62-1
Added Pin To Net: NetName=LIN Pin=TP63-1
Added Pin To Net: NetName=PART7_ID1 Pin=TP64-1
Added Pin To Net: NetName=PART7_ID2 Pin=TP65-1
Added Pin To Net: NetName=PART7_ID3 Pin=TP66-1
Added Pin To Net: NetName=PART7_CMP Pin=TP67-1
Added Pin To Net: NetName=PART7_U Pin=TP68-1
Added Pin To Net: NetName=PART7_V Pin=TP69-1
Added Pin To Net: NetName=PART7_W Pin=TP70-1
Added Pin To Net: NetName=VCC12V Pin=TP71-1
Added Pin To Net: NetName=GND Pin=TP72-1
Added Pin To Net: NetName=LIN Pin=TP73-1
Added Pin To Net: NetName=PART8_ID1 Pin=TP74-1
Added Pin To Net: NetName=PART8_ID2 Pin=TP75-1
Added Pin To Net: NetName=PART8_ID3 Pin=TP76-1
Added Pin To Net: NetName=PART8_CMP Pin=TP77-1
Added Pin To Net: NetName=PART8_U Pin=TP78-1
Added Pin To Net: NetName=PART8_V Pin=TP79-1
Added Pin To Net: NetName=PART8_W Pin=TP80-1
Added Member To Class: ClassName=Sheet1 Member=Component JP1 HDR-1X4
Added Member To Class: ClassName=Sheet1 Member=Component JP2 HDR-1X4
Added Member To Class: ClassName=Sheet1 Member=Component JP3 HDR-1X4
Added Member To Class: ClassName=Sheet1 Member=Component JP4 HDR-1X4
Added Member To Class: ClassName=Sheet1 Member=Component JP5 HDR-1X4
Added Member To Class: ClassName=Sheet1 Member=Component JP6 HDR-1X4
Added Member To Class: ClassName=Sheet1 Member=Component JP7 HDR-1X4
Added Member To Class: ClassName=Sheet1 Member=Component JP8 HDR-1X4
Added Member To Class: ClassName=Sheet1 Member=Component JP9 HDR-1X2
Added Member To Class: ClassName=Sheet1 Member=Component JP10 HDR-1X12
Added Member To Class: ClassName=Sheet1 Member=Component JP11 HDR-1X3
Added Member To Class: ClassName=Sheet1 Member=Component JP12 HDR-1X12
Added Member To Class: ClassName=Sheet1 Member=Component TP1 P100_H2
Added Member To Class: ClassName=Sheet1 Member=Component TP2 P100_H2
Added Member To Class: ClassName=Sheet1 Member=Component TP3 P100_H2
Added Member To Class: ClassName=Sheet1 Member=Component TP4 P100_H2
Added Member To Class: ClassName=Sheet1 Member=Component TP5 P100_H2
Added Member To Class: ClassName=Sheet1 Member=Component TP6 P100_H2
Added Member To Class: ClassName=Sheet1 Member=Component TP7 P100_H5
Added Member To Class: ClassName=Sheet1 Member=Component TP8 P100_H5
Added Member To Class: ClassName=Sheet1 Member=Component TP9 P100_H5
Added Member To Class: ClassName=Sheet1 Member=Component TP10 P100_H5
Added Member To Class: ClassName=Sheet1 Member=Component TP11 P100_H2
Added Member To Class: ClassName=Sheet1 Member=Component TP12 P100_H2
Added Member To Class: ClassName=Sheet1 Member=Component TP13 P100_H2
Added Member To Class: ClassName=Sheet1 Member=Component TP14 P100_H2
Added Member To Class: ClassName=Sheet1 Member=Component TP15 P100_H2
Added Member To Class: ClassName=Sheet1 Member=Component TP16 P100_H2
Added Member To Class: ClassName=Sheet1 Member=Component TP17 P100_H5
Added Member To Class: ClassName=Sheet1 Member=Component TP18 P100_H5
Added Member To Class: ClassName=Sheet1 Member=Component TP19 P100_H5
Added Member To Class: ClassName=Sheet1 Member=Component TP20 P100_H5
Added Member To Class: ClassName=Sheet1 Member=Component TP21 P100_H2
Added Member To Class: ClassName=Sheet1 Member=Component TP22 P100_H2
Added Member To Class: ClassName=Sheet1 Member=Component TP23 P100_H2
Added Member To Class: ClassName=Sheet1 Member=Component TP24 P100_H2
Added Member To Class: ClassName=Sheet1 Member=Component TP25 P100_H2
Added Member To Class: ClassName=Sheet1 Member=Component TP26 P100_H2
Added Member To Class: ClassName=Sheet1 Member=Component TP27 P100_H5
Added Member To Class: ClassName=Sheet1 Member=Component TP28 P100_H5
Added Member To Class: ClassName=Sheet1 Member=Component TP29 P100_H5
Added Member To Class: ClassName=Sheet1 Member=Component TP30 P100_H5
Added Member To Class: ClassName=Sheet1 Member=Component TP31 P100_H2
Added Member To Class: ClassName=Sheet1 Member=Component TP32 P100_H2
Added Member To Class: ClassName=Sheet1 Member=Component TP33 P100_H2
Added Member To Class: ClassName=Sheet1 Member=Component TP34 P100_H2
Added Member To Class: ClassName=Sheet1 Member=Component TP35 P100_H2
Added Member To Class: ClassName=Sheet1 Member=Component TP36 P100_H2
Added Member To Class: ClassName=Sheet1 Member=Component TP37 P100_H5
Added Member To Class: ClassName=Sheet1 Member=Component TP38 P100_H5
Added Member To Class: ClassName=Sheet1 Member=Component TP39 P100_H5
Added Member To Class: ClassName=Sheet1 Member=Component TP40 P100_H5
Added Member To Class: ClassName=Sheet1 Member=Component TP41 P100_H2
Added Member To Class: ClassName=Sheet1 Member=Component TP42 P100_H2
Added Member To Class: ClassName=Sheet1 Member=Component TP43 P100_H2
Added Member To Class: ClassName=Sheet1 Member=Component TP44 P100_H2
Added Member To Class: ClassName=Sheet1 Member=Component TP45 P100_H2
Added Member To Class: ClassName=Sheet1 Member=Component TP46 P100_H2
Added Member To Class: ClassName=Sheet1 Member=Component TP47 P100_H5
Added Member To Class: ClassName=Sheet1 Member=Component TP48 P100_H5
Added Member To Class: ClassName=Sheet1 Member=Component TP49 P100_H5
Added Member To Class: ClassName=Sheet1 Member=Component TP50 P100_H5
Added Member To Class: ClassName=Sheet1 Member=Component TP51 P100_H2
Added Member To Class: ClassName=Sheet1 Member=Component TP52 P100_H2
Added Member To Class: ClassName=Sheet1 Member=Component TP53 P100_H2
Added Member To Class: ClassName=Sheet1 Member=Component TP54 P100_H2
Added Member To Class: ClassName=Sheet1 Member=Component TP55 P100_H2
Added Member To Class: ClassName=Sheet1 Member=Component TP56 P100_H2
Added Member To Class: ClassName=Sheet1 Member=Component TP57 P100_H5
Added Member To Class: ClassName=Sheet1 Member=Component TP58 P100_H5
Added Member To Class: ClassName=Sheet1 Member=Component TP59 P100_H5
Added Member To Class: ClassName=Sheet1 Member=Component TP60 P100_H5
Added Member To Class: ClassName=Sheet1 Member=Component TP61 P100_H2
Added Member To Class: ClassName=Sheet1 Member=Component TP62 P100_H2
Added Member To Class: ClassName=Sheet1 Member=Component TP63 P100_H2
Added Member To Class: ClassName=Sheet1 Member=Component TP64 P100_H2
Added Member To Class: ClassName=Sheet1 Member=Component TP65 P100_H2
Added Member To Class: ClassName=Sheet1 Member=Component TP66 P100_H2
Added Member To Class: ClassName=Sheet1 Member=Component TP67 P100_H5
Added Member To Class: ClassName=Sheet1 Member=Component TP68 P100_H5
Added Member To Class: ClassName=Sheet1 Member=Component TP69 P100_H5
Added Member To Class: ClassName=Sheet1 Member=Component TP70 P100_H5
Added Member To Class: ClassName=Sheet1 Member=Component TP71 P100_H2
Added Member To Class: ClassName=Sheet1 Member=Component TP72 P100_H2
Added Member To Class: ClassName=Sheet1 Member=Component TP73 P100_H2
Added Member To Class: ClassName=Sheet1 Member=Component TP74 P100_H2
Added Member To Class: ClassName=Sheet1 Member=Component TP75 P100_H2
Added Member To Class: ClassName=Sheet1 Member=Component TP76 P100_H2
Added Member To Class: ClassName=Sheet1 Member=Component TP77 P100_H5
Added Member To Class: ClassName=Sheet1 Member=Component TP78 P100_H5
Added Member To Class: ClassName=Sheet1 Member=Component TP79 P100_H5
Added Member To Class: ClassName=Sheet1 Member=Component TP80 P100_H5
