Removed Pin From Net: NetName=GND Pin=C2-1
Removed Pin From Net: NetName=GND Pin=C3-2
Removed Pin From Net: NetName=GND Pin=C4-1
Removed Pin From Net: NetName=GND Pin=C5-1
Removed Pin From Net: NetName=VCC12V Pin=C5-2
Removed Pin From Net: NetName=GND Pin=C6-1
Removed Pin From Net: NetName=VCC12V Pin=C6-2
Removed Pin From Net: NetName=GND Pin=C7-1
Removed Pin From Net: NetName=VCC12V Pin=C7-2
Removed Pin From Net: NetName=GND Pin=C8-1
Removed Pin From Net: NetName=VCC12V Pin=C8-2
Removed Pin From Net: NetName=GND Pin=C9-1
Removed Pin From Net: NetName=GND Pin=C10-1
Removed Pin From Net: NetName=GND Pin=C11-1
Removed Pin From Net: NetName=GND Pin=C12-1
Removed Pin From Net: NetName=GND Pin=C13-1
Removed Pin From Net: NetName=GND Pin=C14-1
Removed Pin From Net: NetName=GND Pin=C15-1
Removed Pin From Net: NetName=GND Pin=C16-1
Removed Pin From Net: NetName=GND Pin=C17-2
Removed Pin From Net: NetName=GND Pin=C18-1
Removed Pin From Net: NetName=GND Pin=C19-1
Removed Pin From Net: NetName=GND Pin=C20-2
Removed Pin From Net: NetName=GND Pin=C21-1
Removed Pin From Net: NetName=VIN Pin=C22-1
Removed Pin From Net: NetName=GND Pin=C23-2
Removed Pin From Net: NetName=GND Pin=C24-2
Removed Pin From Net: NetName=VCC12V Pin=D1-1
Removed Pin From Net: NetName=GND Pin=JP11-2
Removed Pin From Net: NetName=VIN Pin=Q1-1
Removed Pin From Net: NetName=VIN Pin=Q1-2
Removed Pin From Net: NetName=VCC12V Pin=Q1-5
Removed Pin From Net: NetName=VCC12V Pin=Q1-5
Removed Pin From Net: NetName=VCC12V Pin=Q1-5
Removed Pin From Net: NetName=VCC12V Pin=Q1-5
Removed Pin From Net: NetName=VCC12V Pin=Q1-5
Removed Pin From Net: NetName=VCC12V Pin=R1-1
Removed Pin From Net: NetName=GND Pin=R4-2
Removed Pin From Net: NetName=GND Pin=R5-2
Removed Pin From Net: NetName=GND Pin=R6-2
Removed Pin From Net: NetName=GND Pin=R7-1
Removed Pin From Net: NetName=VCC12V Pin=R8-1
Removed Pin From Net: NetName=GND Pin=R16-2
Removed Pin From Net: NetName=GND Pin=R18-1
Removed Pin From Net: NetName=VIN Pin=R19-1
Removed Pin From Net: NetName=GND Pin=R20-1
Removed Pin From Net: NetName=VCC12V Pin=U1-1
Removed Pin From Net: NetName=GND Pin=U1-3
Removed Pin From Net: NetName=GND Pin=U1-4
Removed Pin From Net: NetName=GND Pin=U1-5
Removed Pin From Net: NetName=GND Pin=U1-11
Removed Pin From Net: NetName=GND Pin=U2-11
Removed Pin From Net: NetName=FAN3_ID2_STC Pin=U2-12
Removed Pin From Net: NetName=FAN3_ID1_STC Pin=U2-13
Removed Pin From Net: NetName=FAN2_ID3_STC Pin=U2-14
Removed Pin From Net: NetName=FAN2_ID2_STC Pin=U2-15
Removed Pin From Net: NetName=FAN2_ID1_STC Pin=U2-16
Removed Pin From Net: NetName=FAN1_ID3_STC Pin=U2-17
Removed Pin From Net: NetName=FAN1_ID2_STC Pin=U2-18
Removed Pin From Net: NetName=FAN1_ID1_STC Pin=U2-20
Removed Pin From Net: NetName=GND Pin=U3-2
Removed Pin From Net: NetName=GND Pin=U3-2
Removed Pin From Net: NetName=GND Pin=U4-11
Removed Pin From Net: NetName=FAN6_ID1_STC Pin=U4-12
Removed Pin From Net: NetName=FAN5_ID3_STC Pin=U4-13
Removed Pin From Net: NetName=FAN5_ID2_STC Pin=U4-14
Removed Pin From Net: NetName=FAN5_ID1_STC Pin=U4-15
Removed Pin From Net: NetName=FAN4_ID3_STC Pin=U4-16
Removed Pin From Net: NetName=FAN4_ID2_STC Pin=U4-17
Removed Pin From Net: NetName=FAN4_ID1_STC Pin=U4-18
Removed Pin From Net: NetName=FAN3_ID3_STC Pin=U4-20
Removed Pin From Net: NetName=GND Pin=U5-8
Removed Pin From Net: NetName=GND Pin=U5-23
Removed Pin From Net: NetName=GND Pin=U5-35
Removed Pin From Net: NetName=GND Pin=U5-47
Removed Pin From Net: NetName=GND Pin=U5-49
Removed Pin From Net: NetName=GND Pin=U6-11
Removed Pin From Net: NetName=FAN8_ID3_STC Pin=U6-12
Removed Pin From Net: NetName=FAN8_ID2_STC Pin=U6-13
Removed Pin From Net: NetName=FAN8_ID1_STC Pin=U6-14
Removed Pin From Net: NetName=FAN7_ID3_STC Pin=U6-15
Removed Pin From Net: NetName=FAN7_ID2_STC Pin=U6-16
Removed Pin From Net: NetName=FAN7_ID1_STC Pin=U6-17
Removed Pin From Net: NetName=FAN6_ID3_STC Pin=U6-18
Removed Pin From Net: NetName=FAN6_ID2_STC Pin=U6-20
Removed Pin From Net: NetName=GND Pin=U£¿1-5
Removed Pin From Net: NetName=VCC12V Pin=U£¿1-7
Removed Pin From Net: NetName=GND Pin=Y1-2
Removed Pin From Net: NetName=GND Pin=Y1-4
Removed Member From Class: ClassName=Sheet1 Member=C1
Removed Member From Class: ClassName=Sheet1 Member=C2
Removed Member From Class: ClassName=Sheet1 Member=C3
Removed Member From Class: ClassName=Sheet1 Member=C4
Removed Member From Class: ClassName=Sheet1 Member=C5
Removed Member From Class: ClassName=Sheet1 Member=C6
Removed Member From Class: ClassName=Sheet1 Member=C7
Removed Member From Class: ClassName=Sheet1 Member=C8
Removed Member From Class: ClassName=Sheet1 Member=C9
Removed Member From Class: ClassName=Sheet1 Member=C10
Removed Member From Class: ClassName=Sheet1 Member=C11
Removed Member From Class: ClassName=Sheet1 Member=C12
Removed Member From Class: ClassName=Sheet1 Member=C13
Removed Member From Class: ClassName=Sheet1 Member=C14
Removed Member From Class: ClassName=Sheet1 Member=C15
Removed Member From Class: ClassName=Sheet1 Member=C16
Removed Member From Class: ClassName=Sheet1 Member=C17
Removed Member From Class: ClassName=Sheet1 Member=C18
Removed Member From Class: ClassName=Sheet1 Member=C19
Removed Member From Class: ClassName=Sheet1 Member=C20
Removed Member From Class: ClassName=Sheet1 Member=C21
Removed Member From Class: ClassName=Sheet1 Member=C22
Removed Member From Class: ClassName=Sheet1 Member=C23
Removed Member From Class: ClassName=Sheet1 Member=C24
Removed Member From Class: ClassName=Sheet1 Member=D1
Removed Member From Class: ClassName=Sheet1 Member=L1
Removed Member From Class: ClassName=Sheet1 Member=Q1
Removed Member From Class: ClassName=Sheet1 Member=R1
Removed Member From Class: ClassName=Sheet1 Member=R2
Removed Member From Class: ClassName=Sheet1 Member=R3
Removed Member From Class: ClassName=Sheet1 Member=R4
Removed Member From Class: ClassName=Sheet1 Member=R5
Removed Member From Class: ClassName=Sheet1 Member=R6
Removed Member From Class: ClassName=Sheet1 Member=R7
Removed Member From Class: ClassName=Sheet1 Member=R8
Removed Member From Class: ClassName=Sheet1 Member=R9
Removed Member From Class: ClassName=Sheet1 Member=R10
Removed Member From Class: ClassName=Sheet1 Member=R11
Removed Member From Class: ClassName=Sheet1 Member=R12
Removed Member From Class: ClassName=Sheet1 Member=R13
Removed Member From Class: ClassName=Sheet1 Member=R14
Removed Member From Class: ClassName=Sheet1 Member=R15
Removed Member From Class: ClassName=Sheet1 Member=R16
Removed Member From Class: ClassName=Sheet1 Member=R17
Removed Member From Class: ClassName=Sheet1 Member=R18
Removed Member From Class: ClassName=Sheet1 Member=R19
Removed Member From Class: ClassName=Sheet1 Member=R20
Removed Member From Class: ClassName=Sheet1 Member=U1
Removed Member From Class: ClassName=Sheet1 Member=U2
Removed Member From Class: ClassName=Sheet1 Member=U3
Removed Member From Class: ClassName=Sheet1 Member=U4
Removed Member From Class: ClassName=Sheet1 Member=U5
Removed Member From Class: ClassName=Sheet1 Member=U6
Removed Member From Class: ClassName=Sheet1 Member=U£¿1
Removed Member From Class: ClassName=Sheet1 Member=Y1
