Replace Part C13 C in H:\Project\ChangeoTEC\C95_TestBord\pcb\主控制板\ver0.2\ControllorBord\MCU.SchDoc with C from Capacitor.SchLib
Replace Part C14 C in H:\Project\ChangeoTEC\C95_TestBord\pcb\主控制板\ver0.2\ControllorBord\MCU.SchDoc with C from Capacitor.SchLib
Replace Part C15 C in H:\Project\ChangeoTEC\C95_TestBord\pcb\主控制板\ver0.2\ControllorBord\MCU.SchDoc with C from Capacitor.SchLib
Replace Part C16 C in H:\Project\ChangeoTEC\C95_TestBord\pcb\主控制板\ver0.2\ControllorBord\MCU.SchDoc with C from Capacitor.SchLib
Replace Part C17 C in H:\Project\ChangeoTEC\C95_TestBord\pcb\主控制板\ver0.2\ControllorBord\MCU.SchDoc with C from Capacitor.SchLib
Replace Part C18 C in H:\Project\ChangeoTEC\C95_TestBord\pcb\主控制板\ver0.2\ControllorBord\MCU.SchDoc with C from Capacitor.SchLib
Replace Part C19 C in H:\Project\ChangeoTEC\C95_TestBord\pcb\主控制板\ver0.2\ControllorBord\MCU.SchDoc with C from Capacitor.SchLib
Replace Part C20 C in H:\Project\ChangeoTEC\C95_TestBord\pcb\主控制板\ver0.2\ControllorBord\MCU.SchDoc with C from Capacitor.SchLib
Replace Part C21 C in H:\Project\ChangeoTEC\C95_TestBord\pcb\主控制板\ver0.2\ControllorBord\MCU.SchDoc with C from Capacitor.SchLib
Replace Part C22 C in H:\Project\ChangeoTEC\C95_TestBord\pcb\主控制板\ver0.2\ControllorBord\MCU.SchDoc with C from Capacitor.SchLib
Replace Part D1 1N5819 in H:\Project\ChangeoTEC\C95_TestBord\pcb\主控制板\ver0.2\ControllorBord\MCU.SchDoc with 1N5819 from Diode.SchLib
Replace Part R8 R in H:\Project\ChangeoTEC\C95_TestBord\pcb\主控制板\ver0.2\ControllorBord\MCU.SchDoc with R from Resistor.SchLib
Replace Part R9 R in H:\Project\ChangeoTEC\C95_TestBord\pcb\主控制板\ver0.2\ControllorBord\MCU.SchDoc with R from Resistor.SchLib
Replace Part R10 R in H:\Project\ChangeoTEC\C95_TestBord\pcb\主控制板\ver0.2\ControllorBord\MCU.SchDoc with R from Resistor.SchLib
Replace Part R11 R in H:\Project\ChangeoTEC\C95_TestBord\pcb\主控制板\ver0.2\ControllorBord\MCU.SchDoc with R from Resistor.SchLib
Replace Part R12 R in H:\Project\ChangeoTEC\C95_TestBord\pcb\主控制板\ver0.2\ControllorBord\MCU.SchDoc with R from Resistor.SchLib
Replace Part R13 R in H:\Project\ChangeoTEC\C95_TestBord\pcb\主控制板\ver0.2\ControllorBord\MCU.SchDoc with R from Resistor.SchLib
Replace Part R14 R in H:\Project\ChangeoTEC\C95_TestBord\pcb\主控制板\ver0.2\ControllorBord\MCU.SchDoc with R from Resistor.SchLib
Replace Part R15 R in H:\Project\ChangeoTEC\C95_TestBord\pcb\主控制板\ver0.2\ControllorBord\MCU.SchDoc with R from Resistor.SchLib
Replace Part R16 R in H:\Project\ChangeoTEC\C95_TestBord\pcb\主控制板\ver0.2\ControllorBord\MCU.SchDoc with R from Resistor.SchLib
Replace Part R17 R in H:\Project\ChangeoTEC\C95_TestBord\pcb\主控制板\ver0.2\ControllorBord\MCU.SchDoc with R from Resistor.SchLib
Replace Part R18 R in H:\Project\ChangeoTEC\C95_TestBord\pcb\主控制板\ver0.2\ControllorBord\MCU.SchDoc with R from Resistor.SchLib
Replace Part R19 R in H:\Project\ChangeoTEC\C95_TestBord\pcb\主控制板\ver0.2\ControllorBord\MCU.SchDoc with R from Resistor.SchLib
Replace Part R20 R in H:\Project\ChangeoTEC\C95_TestBord\pcb\主控制板\ver0.2\ControllorBord\MCU.SchDoc with R from Resistor.SchLib
Replace Part U4 STM32F103CBUX in H:\Project\ChangeoTEC\C95_TestBord\pcb\主控制板\ver0.2\ControllorBord\MCU.SchDoc with STM32F103CBUX from MCU.SchLib
Replace Part Y1 Crystal in H:\Project\ChangeoTEC\C95_TestBord\pcb\主控制板\ver0.2\ControllorBord\MCU.SchDoc with Crystal from Crystal.SchLib
