Change Physical Footprint: Designator=C1 Old Footprint=C0603_L New Footprint=c0603_l
Change Physical Footprint: Designator=C2 Old Footprint=C0603_L New Footprint=c0603_l
Change Physical Footprint: Designator=C3 Old Footprint=C0603_L New Footprint=c0603_l
Change Physical Footprint: Designator=C4 Old Footprint=C0603_L New Footprint=c0603_l
Change Physical Footprint: Designator=C5 Old Footprint=C0603_L New Footprint=c0603_l
Change Physical Footprint: Designator=C6 Old Footprint=C0603_L New Footprint=c0603_l
Change Physical Footprint: Designator=C7 Old Footprint=C0603_L New Footprint=c0603_l
Change Physical Footprint: Designator=C8 Old Footprint=C0603_L New Footprint=c0603_l
Change Physical Footprint: Designator=C9 Old Footprint=C0603_L New Footprint=c0603_l
Change Physical Footprint: Designator=C10 Old Footprint=C0603_L New Footprint=c0603_l
Change Physical Footprint: Designator=C11 Old Footprint=C0603_L New Footprint=c0603_l
Change Physical Footprint: Designator=C12 Old Footprint=c0603_l New Footprint=c0603_l
Change Physical Footprint: Designator=C13 Old Footprint=C0603_L New Footprint=c0603_l
Change Physical Footprint: Designator=C14 Old Footprint=C0603_L New Footprint=c0603_l
Change Physical Footprint: Designator=C15 Old Footprint=C0603_L New Footprint=c0603_l
Change Physical Footprint: Designator=C16 Old Footprint=C0603_L New Footprint=c0603_l
Change Physical Footprint: Designator=C17 Old Footprint=C0603_L New Footprint=c0603_l
Change Physical Footprint: Designator=C18 Old Footprint=C0603_L New Footprint=c0603_l
Change Physical Footprint: Designator=C19 Old Footprint=C0603_L New Footprint=c0603_l
Change Physical Footprint: Designator=C20 Old Footprint=C0603_L New Footprint=c0603_l
Change Physical Footprint: Designator=C21 Old Footprint=c0603_l New Footprint=c0603_l
Change Physical Footprint: Designator=C22 Old Footprint=c0603_l New Footprint=c0603_l
Change Physical Footprint: Designator=C26 Old Footprint=C0603_L New Footprint=c0603_l
Change Physical Footprint: Designator=C27 Old Footprint=C0603_L New Footprint=c0603_l
Change Physical Footprint: Designator=D1 Old Footprint=SOD-323 New Footprint=SOD-323
Change Physical Footprint: Designator=JP2 Old Footprint=ÌùÆ¬ÅÅÄ¸2.54mm_½»´í_19P New Footprint=ÌùÆ¬ÅÅÄ¸2.54mm_½»´í_19P
Change Physical Footprint: Designator=JP3 Old Footprint=ÌùÆ¬ÅÅÄ¸2.54mm_½»´í_19P New Footprint=ÌùÆ¬ÅÅÄ¸2.54mm_½»´í_19P
Change Physical Footprint: Designator=JP? Old Footprint=HDR2.54-WI-4P New Footprint=HDR2.54-WI-4P
Change Physical Footprint: Designator=L1 Old Footprint=NR4020 New Footprint=NR4020
Change Physical Footprint: Designator=Q1 Old Footprint=DFN8_5*6 New Footprint=DFN8_5*6
Change Physical Footprint: Designator=R1 Old Footprint=R0603_L New Footprint=r0603_l
Change Physical Footprint: Designator=R2 Old Footprint=r0603_l New Footprint=r0603_l
Change Physical Footprint: Designator=R3 Old Footprint=R0603_L New Footprint=r0603_l
Change Physical Footprint: Designator=R4 Old Footprint=R0603_L New Footprint=r0603_l
Change Physical Footprint: Designator=R5 Old Footprint=R0603_L New Footprint=r0603_l
Change Physical Footprint: Designator=R6 Old Footprint=R0603_L New Footprint=r0603_l
Change Physical Footprint: Designator=R7 Old Footprint=r0603_l New Footprint=r0603_l
Change Physical Footprint: Designator=R8 Old Footprint=R0603_L New Footprint=r0603_l
Change Physical Footprint: Designator=R9 Old Footprint=r0603_l New Footprint=r0603_l
Change Physical Footprint: Designator=R10 Old Footprint=r0603_l New Footprint=r0603_l
Change Physical Footprint: Designator=R11 Old Footprint=R0603_L New Footprint=r0603_l
Change Physical Footprint: Designator=R12 Old Footprint=r0603_l New Footprint=r0603_l
Change Physical Footprint: Designator=R13 Old Footprint=r0603_l New Footprint=r0603_l
Change Physical Footprint: Designator=R14 Old Footprint=r0603_l New Footprint=r0603_l
Change Physical Footprint: Designator=R15 Old Footprint=r0603_l New Footprint=r0603_l
Change Physical Footprint: Designator=R16 Old Footprint=r0603_l New Footprint=r0603_l
Change Physical Footprint: Designator=R17 Old Footprint=R0603_L New Footprint=r0603_l
Change Physical Footprint: Designator=R18 Old Footprint=R0603_L New Footprint=r0603_l
Change Physical Footprint: Designator=R19 Old Footprint=R0603_L New Footprint=r0603_l
Change Physical Footprint: Designator=R20 Old Footprint=R0603_L New Footprint=r0603_l
Change Physical Footprint: Designator=U1 Old Footprint=VSON-10_L3.0-W3.0-P0.50-TL-EP New Footprint=VSON-10_L3.0-W3.0-P0.50-TL-EP
Change Physical Footprint: Designator=U2 Old Footprint=SOT89_L New Footprint=SOT89_L
Change Physical Footprint: Designator=U3 Old Footprint=TXS0108ERGYR New Footprint=TXS0108ERGYR
Change Physical Footprint: Designator=U4 Old Footprint=QFN48 7X7_M New Footprint=QFN48 7X7_M
Change Physical Footprint: Designator=U5 Old Footprint=TXS0108ERGYR New Footprint=TXS0108ERGYR
Change Physical Footprint: Designator=U6 Old Footprint=TXS0108ERGYR New Footprint=TXS0108ERGYR
Change Physical Footprint: Designator=U£¿1 Old Footprint=SOP8 New Footprint=SOP8
Change Physical Footprint: Designator=Y1 Old Footprint=OSC 3225-4P New Footprint=OSC 3225-4P
