Removed Pin From Net: NetName=VCC3V3 Pin=C12-1
Removed Pin From Net: NetName=GND Pin=C12-2
Removed Pin From Net: NetName=NRST Pin=C14-2
Removed Pin From Net: NetName=VCC3V3 Pin=C15-2
Removed Pin From Net: NetName=VCC3V3 Pin=C16-2
Removed Pin From Net: NetName=GND Pin=C17-1
Removed Pin From Net: NetName=LIN_BUS Pin=C17-2
Removed Pin From Net: NetName=VCC3V3 Pin=C18-2
Removed Pin From Net: NetName=GND Pin=C19-1
Removed Pin From Net: NetName=VCC3V3 Pin=C19-2
Removed Pin From Net: NetName=VCC3V3 Pin=C20-2
Removed Pin From Net: NetName=VCC3V3 Pin=C21-1
Removed Pin From Net: NetName=GND Pin=C22-1
Removed Pin From Net: NetName=VCC3V3 Pin=C22-2
Removed Pin From Net: NetName=VCC3V3 Pin=C23-1
Removed Pin From Net: NetName=GND Pin=C23-2
Removed Pin From Net: NetName=GND Pin=C24-1
Removed Pin From Net: NetName=VCC3V3 Pin=C24-2
Removed Pin From Net: NetName=GND Pin=C25-1
Removed Pin From Net: NetName=VCC3V3 Pin=C25-2
Removed Pin From Net: NetName=XOUT Pin=C28-1
Removed Pin From Net: NetName=GND Pin=C28-2
Removed Pin From Net: NetName=XIN Pin=C29-1
Removed Pin From Net: NetName=GND Pin=C29-2
Removed Pin From Net: NetName=GND Pin=C30-2
Removed Pin From Net: NetName=GND Pin=C31-2
Removed Pin From Net: NetName=GND Pin=C32-2
Removed Pin From Net: NetName=GND Pin=C33-2
Removed Pin From Net: NetName=VCC12V Pin=JP3-1
Removed Pin From Net: NetName=GND Pin=JP3-2
Removed Pin From Net: NetName=VCC3V3 Pin=JP3-7
Removed Pin From Net: NetName=GND Pin=JP3-8
Removed Pin From Net: NetName=VCC12V Pin=JP6-1
Removed Pin From Net: NetName=GND Pin=JP6-2
Removed Pin From Net: NetName=LIN_BUS Pin=JP6-3
Removed Pin From Net: NetName=GND Pin=JP7-1
Removed Pin From Net: NetName=Screen_TX Pin=JP7-2
Removed Pin From Net: NetName=Screen_RX Pin=JP7-3
Removed Pin From Net: NetName=VCC5V Pin=JP7-4
Removed Pin From Net: NetName=VCC3V3 Pin=JP8-1
Removed Pin From Net: NetName=VCC3V3 Pin=JP9-1
Removed Pin From Net: NetName=NRST Pin=JP10-1
Removed Pin From Net: NetName=VCC3V3 Pin=JP11-1
Removed Pin From Net: NetName=GND Pin=JP12-1
Removed Pin From Net: NetName=VCC3V3 Pin=JP12-2
Removed Pin From Net: NetName=SWCLK Pin=JP12-3
Removed Pin From Net: NetName=SWDIO Pin=JP12-4
Removed Pin From Net: NetName=BOOT Pin=R7-1
Removed Pin From Net: NetName=GND Pin=R7-2
Removed Pin From Net: NetName=NRST Pin=R9-1
Removed Pin From Net: NetName=VCC3V3 Pin=R9-2
Removed Pin From Net: NetName=VCC5V Pin=R11-2
Removed Pin From Net: NetName=LIN_BUS Pin=R12-1
Removed Pin From Net: NetName=NetD1_2 Pin=R12-2
Removed Pin From Net: NetName=SI1021_RX Pin=R13-1
Removed Pin From Net: NetName=SI1021_SLP Pin=R14-1
Removed Pin From Net: NetName=SI1021_TX Pin=R15-1
Removed Pin From Net: NetName=VCC5V Pin=R16-2
Removed Pin From Net: NetName=GND Pin=R17-2
Removed Pin From Net: NetName=GND Pin=R18-2
Removed Pin From Net: NetName=GND Pin=R19-2
Removed Pin From Net: NetName=GND Pin=R20-2
Removed Pin From Net: NetName=VCC3V3 Pin=U3-1
Removed Pin From Net: NetName=XOUT Pin=U3-5
Removed Pin From Net: NetName=XIN Pin=U3-6
Removed Pin From Net: NetName=NRST Pin=U3-7
Removed Pin From Net: NetName=GND Pin=U3-12
Removed Pin From Net: NetName=VCC3V3 Pin=U3-13
Removed Pin From Net: NetName=Screen_TX Pin=U3-16
Removed Pin From Net: NetName=Screen_RX Pin=U3-17
Removed Pin From Net: NetName=GND Pin=U3-18
Removed Pin From Net: NetName=VCC3V3 Pin=U3-19
Removed Pin From Net: NetName=GND Pin=U3-31
Removed Pin From Net: NetName=VCC3V3 Pin=U3-32
Removed Pin From Net: NetName=SI1021_RX Pin=U3-42
Removed Pin From Net: NetName=SI1021_TX Pin=U3-43
Removed Pin From Net: NetName=SI1021_SLP Pin=U3-44
Removed Pin From Net: NetName=SWDIO Pin=U3-46
Removed Pin From Net: NetName=GND Pin=U3-47
Removed Pin From Net: NetName=VCC3V3 Pin=U3-48
Removed Pin From Net: NetName=SWCLK Pin=U3-49
Removed Pin From Net: NetName=BOOT Pin=U3-60
Removed Pin From Net: NetName=GND Pin=U3-63
Removed Pin From Net: NetName=VCC3V3 Pin=U3-64
Removed Pin From Net: NetName=NetR10_1 Pin=U？-1
Removed Pin From Net: NetName=GND Pin=U？-5
Removed Pin From Net: NetName=LIN_BUS Pin=U？-6
Removed Pin From Net: NetName=VCC12V Pin=U？-7
Removed Pin From Net: NetName=NetR8_2 Pin=U？-8
Removed Member From Class: ClassName=MCU Member=C12
Removed Member From Class: ClassName=MCU Member=C23
Removed Member From Class: ClassName=Connector Member=C24
Removed Member From Class: ClassName=Connector Member=C25
Removed Member From Class: ClassName=MCU Member=C28
Removed Member From Class: ClassName=MCU Member=C29
Removed Member From Class: ClassName=Connector Member=C30
Removed Member From Class: ClassName=Connector Member=C31
Removed Member From Class: ClassName=Connector Member=C32
Removed Member From Class: ClassName=Connector Member=C33
Removed Member From Class: ClassName=Connector Member=JP1
Removed Member From Class: ClassName=Connector Member=JP4
Removed Member From Class: ClassName=Connector Member=JP5
Removed Member From Class: ClassName=Connector Member=JP6
Removed Member From Class: ClassName=Connector Member=JP7
Removed Member From Class: ClassName=Connector Member=JP8
Removed Member From Class: ClassName=Connector Member=JP9
Removed Member From Class: ClassName=Connector Member=JP10
Removed Member From Class: ClassName=Connector Member=JP11
Removed Member From Class: ClassName=Connector Member=JP12
Removed Member From Class: ClassName=MCU Member=R7
Removed Member From Class: ClassName=Connector Member=R17
Removed Member From Class: ClassName=Connector Member=R18
Removed Member From Class: ClassName=Connector Member=R19
Removed Member From Class: ClassName=Connector Member=R20
Removed Member From Class: ClassName=MCU Member=U？
Change Component Footprint: Designator=C12 Old Footprint=C0603_L New Footprint=C0402_L
Change Component Footprint: Designator=C21 Old Footprint=C0603_L New Footprint=C0402_L
Change Component Footprint: Designator=C22 Old Footprint=C0603_L New Footprint=C0402_L
Change Component Footprint: Designator=JP2 Old Footprint=HDR2.54-M-LI-8P New Footprint=贴片排母2.54mm_交错_19P
Change Component Footprint: Designator=JP3 Old Footprint=HDR2.54-M-LI-8P New Footprint=贴片排母2.54mm_交错_19P
Change Component Footprint: Designator=U3 Old Footprint=LQFP64 10x10_N New Footprint=TXS0108ERGYR
Change Component Footprint: Designator=R7 Old Footprint=R0603_L New Footprint=R0402_L
Change Component Footprint: Designator=JP1 Old Footprint=XH2.54-LI-4P New Footprint=XH2.54-WS-2P
Change Component Comment : Designator=R12 Old Comment=1K 1% New Comment=100R 1%
Change Component Comment : Designator=C21 Old Comment=1uF/10V New Comment=22pF/16V
Change Component Comment : Designator=C22 Old Comment=1uF/10V New Comment=22pF/16V
Change Component Comment : Designator=C13 Old Comment=1uF/10V New Comment=100nF/16V
Change Component Comment : Designator=C18 Old Comment=1uF/10V New Comment=100nF/16V
Change Component Comment : Designator=C20 Old Comment=1uF/10V New Comment=100nF/16V
Change Component Comment : Designator=C12 Old Comment=1uF/10V New Comment=100nF/25V
Change Component Comment : Designator=C16 Old Comment=1uF/10V New Comment=100nF/25V
Change Component Comment : Designator=C15 Old Comment=1uF/10V New Comment=220pF/25V
Change Component Comment : Designator=R11 Old Comment=2.2K 1% New Comment=1K 1%
Change Component Comment : Designator=R16 Old Comment=5.1K 1% New Comment=10K 1%
Change Component Comment : Designator=Y1 Old Comment=8Mhz New Comment=25Mhz
Change Component Comment : Designator=R9 Old Comment=10K 1% New Comment=2.2K 1%
Change Component Comment : Designator=C19 Old Comment=10nF/10V New Comment=100nF/16V
Change Component Comment : Designator=C14 Old Comment=100nF/25V New Comment=100nF/16V
Change Component Comment : Designator=R15 Old Comment=100R 1% New Comment=5.1K 1%
Change Component Comment : Designator=C17 Old Comment=220pF/25V New Comment=100nF/16V
Change Component Comment : Designator=JP1 Old Comment=HDR-1X4 New Comment=HDR-1X2
Change Component Comment : Designator=JP2 Old Comment=HDR-1X8 New Comment=HDR-1X19
Change Component Comment : Designator=JP3 Old Comment=HDR-1X8 New Comment=HDR-1X19
Change Component Comment : Designator=U3 Old Comment=STM32F103R6TX_LQFP64 New Comment=TXS0108EPWR
Change component parameters: Designator = "JP1" ("JP1"); Footprint = "XH2.54-LI-4P"; UniqueID = "\RKIDOEZQ" ("\RKIDOEZQ")
Change component parameters (AddParameter): Name = "BOM名称"; Value = "2P接插件"; VariantName = "[No Variations]"
Change component parameters (AddParameter): Name = "学习资源"; Value = "www.ooocke.com"; VariantName = "[No Variations]"
Change component parameters (AddParameter): Name = "版权归属"; Value = "源创客"; VariantName = "[No Variations]"
Change component parameters: Designator = "JP2" ("JP2"); Footprint = "HDR2.54-M-LI-8P"; UniqueID = "\IGLUSAMT" ("\IGLUSAMT")
Change component parameters (AddParameter): Name = "BOM名称"; Value = "19P接插件"; VariantName = "[No Variations]"
Change component parameters (AddParameter): Name = "学习资源"; Value = "www.ooocke.com"; VariantName = "[No Variations]"
Change component parameters (AddParameter): Name = "版权归属"; Value = "源创客"; VariantName = "[No Variations]"
Change component parameters: Designator = "JP3" ("JP3"); Footprint = "HDR2.54-M-LI-8P"; UniqueID = "\CRGHPMFD" ("\CRGHPMFD")
Change component parameters (AddParameter): Name = "BOM名称"; Value = "19P接插件"; VariantName = "[No Variations]"
Change component parameters (AddParameter): Name = "学习资源"; Value = "www.ooocke.com"; VariantName = "[No Variations]"
Change component parameters (AddParameter): Name = "版权归属"; Value = "源创客"; VariantName = "[No Variations]"
Added Component: Designator=Q1(DFN8_5*6)
Add component (AddParameter): Name = "BOM名称"; Value = "场效应管"; VariantName = "[No Variations]"
Add component (AddParameter): Name = "学习资源"; Value = "www.ooocke.com"; VariantName = "[No Variations]"
Add component (AddParameter): Name = "描述"; Value = "P沟道 30V/4.2A"; VariantName = "[No Variations]"
Add component (AddParameter): Name = "版权归属"; Value = "源创客"; VariantName = "[No Variations]"
Added Component: Designator=U4(QFN48 7X7_M)
Added Component: Designator=U5(TXS0108ERGYR)
Added Component: Designator=U6(TXS0108ERGYR)
Added Component: Designator=U？1(SOP8)
Added Pin To Net: NetName=VCC5V Pin=C14-2
Added Pin To Net: NetName=LIN_BUS Pin=C15-2
Added Pin To Net: NetName=NRST Pin=C16-2
Added Pin To Net: NetName=VCC3V3 Pin=C17-1
Added Pin To Net: NetName=GND Pin=C17-2
Added Pin To Net: NetName=VCC5V Pin=C18-2
Added Pin To Net: NetName=VCC3V3 Pin=C19-1
Added Pin To Net: NetName=GND Pin=C19-2
Added Pin To Net: NetName=VCC5V Pin=C20-2
Added Pin To Net: NetName=XOUT Pin=C21-1
Added Pin To Net: NetName=XIN Pin=C22-1
Added Pin To Net: NetName=GND Pin=C22-2
Added Pin To Net: NetName=GND Pin=JP1-2
Added Pin To Net: NetName=VCC12V Pin=Q1-5
Added Pin To Net: NetName=VCC12V Pin=Q1-5
Added Pin To Net: NetName=VCC12V Pin=Q1-5
Added Pin To Net: NetName=VCC12V Pin=Q1-5
Added Pin To Net: NetName=VCC12V Pin=Q1-5
Added Pin To Net: NetName=VCC5V Pin=R9-2
Added Pin To Net: NetName=LIN_BUS Pin=R11-1
Added Pin To Net: NetName=NetD1_2 Pin=R11-2
Added Pin To Net: NetName=SI1021_RX Pin=R12-1
Added Pin To Net: NetName=SI1021_SLP Pin=R13-1
Added Pin To Net: NetName=SI1021_TX Pin=R14-1
Added Pin To Net: NetName=VCC5V Pin=R15-2
Added Pin To Net: NetName=BOOT Pin=R16-1
Added Pin To Net: NetName=GND Pin=R16-2
Added Pin To Net: NetName=GND Pin=R17-1
Added Pin To Net: NetName=NRST Pin=R18-1
Added Pin To Net: NetName=VCC3V3 Pin=R18-2
Added Pin To Net: NetName=GND Pin=R19-1
Added Pin To Net: NetName=GND Pin=R20-1
Added Pin To Net: NetName=VCC3V3 Pin=U3-2
Added Pin To Net: NetName=GND Pin=U3-11
Added Pin To Net: NetName=VCC5V Pin=U3-19
Added Pin To Net: NetName=VCC3V3 Pin=U4-1
Added Pin To Net: NetName=XIN Pin=U4-5
Added Pin To Net: NetName=XOUT Pin=U4-6
Added Pin To Net: NetName=NRST Pin=U4-7
Added Pin To Net: NetName=GND Pin=U4-8
Added Pin To Net: NetName=VCC3V3 Pin=U4-9
Added Pin To Net: NetName=Screen_TX Pin=U4-12
Added Pin To Net: NetName=Screen_RX Pin=U4-13
Added Pin To Net: NetName=GND Pin=U4-23
Added Pin To Net: NetName=VCC3V3 Pin=U4-24
Added Pin To Net: NetName=SI1021_TX Pin=U4-30
Added Pin To Net: NetName=SI1021_RX Pin=U4-31
Added Pin To Net: NetName=SWDIO Pin=U4-34
Added Pin To Net: NetName=GND Pin=U4-35
Added Pin To Net: NetName=VCC3V3 Pin=U4-36
Added Pin To Net: NetName=SWCLK Pin=U4-37
Added Pin To Net: NetName=BOOT Pin=U4-44
Added Pin To Net: NetName=GND Pin=U4-47
Added Pin To Net: NetName=VCC3V3 Pin=U4-48
Added Pin To Net: NetName=GND Pin=U4-49
Added Pin To Net: NetName=VCC3V3 Pin=U5-2
Added Pin To Net: NetName=GND Pin=U5-11
Added Pin To Net: NetName=VCC5V Pin=U5-19
Added Pin To Net: NetName=VCC3V3 Pin=U6-2
Added Pin To Net: NetName=GND Pin=U6-11
Added Pin To Net: NetName=VCC5V Pin=U6-19
Added Pin To Net: NetName=NetR10_1 Pin=U？1-2
Added Pin To Net: NetName=GND Pin=U？1-5
Added Pin To Net: NetName=LIN_BUS Pin=U？1-6
Added Pin To Net: NetName=VCC12V Pin=U？1-7
Added Pin To Net: NetName=NetR8_2 Pin=U？1-8
Added Pin To Net: NetName=FAN1_ID1_STC Pin=U3-20
Added Net: Name=FAN1_ID1_STC
Added Pin To Net: NetName=FAN1_ID1_STM Pin=U3-1
Added Net: Name=FAN1_ID1_STM
Added Pin To Net: NetName=FAN1_ID2_STC Pin=U3-18
Added Net: Name=FAN1_ID2_STC
Added Pin To Net: NetName=FAN1_ID2_STM Pin=U3-3
Added Net: Name=FAN1_ID2_STM
Added Pin To Net: NetName=FAN1_ID3_STC Pin=U3-17
Added Net: Name=FAN1_ID3_STC
Added Pin To Net: NetName=FAN1_ID3_STM Pin=U3-4
Added Net: Name=FAN1_ID3_STM
Added Pin To Net: NetName=FAN2_ID1_STC Pin=U3-16
Added Net: Name=FAN2_ID1_STC
Added Pin To Net: NetName=FAN2_ID1_STM Pin=U3-5
Added Net: Name=FAN2_ID1_STM
Added Pin To Net: NetName=FAN2_ID2_STC Pin=U3-15
Added Net: Name=FAN2_ID2_STC
Added Pin To Net: NetName=FAN2_ID2_STM Pin=U3-6
Added Net: Name=FAN2_ID2_STM
Added Pin To Net: NetName=FAN2_ID3_STC Pin=U3-14
Added Net: Name=FAN2_ID3_STC
Added Pin To Net: NetName=FAN2_ID3_STM Pin=U3-7
Added Net: Name=FAN2_ID3_STM
Added Pin To Net: NetName=FAN3_ID1_STC Pin=U3-13
Added Net: Name=FAN3_ID1_STC
Added Pin To Net: NetName=FAN3_ID1_STM Pin=U3-8
Added Net: Name=FAN3_ID1_STM
Added Pin To Net: NetName=FAN3_ID2_STC Pin=U3-12
Added Net: Name=FAN3_ID2_STC
Added Pin To Net: NetName=FAN3_ID2_STM Pin=U3-9
Added Net: Name=FAN3_ID2_STM
Added Pin To Net: NetName=FAN3_ID3_STC Pin=U5-20
Added Net: Name=FAN3_ID3_STC
Added Pin To Net: NetName=FAN3_ID3_STM Pin=U5-1
Added Net: Name=FAN3_ID3_STM
Added Pin To Net: NetName=FAN4_ID1_STC Pin=U5-18
Added Net: Name=FAN4_ID1_STC
Added Pin To Net: NetName=FAN4_ID1_STM Pin=U5-3
Added Net: Name=FAN4_ID1_STM
Added Pin To Net: NetName=FAN4_ID2_STC Pin=U5-17
Added Net: Name=FAN4_ID2_STC
Added Pin To Net: NetName=FAN4_ID2_STM Pin=U5-4
Added Net: Name=FAN4_ID2_STM
Added Pin To Net: NetName=FAN4_ID3_STC Pin=U5-16
Added Net: Name=FAN4_ID3_STC
Added Pin To Net: NetName=FAN4_ID3_STM Pin=U5-5
Added Net: Name=FAN4_ID3_STM
Added Pin To Net: NetName=FAN5_ID1_STC Pin=U5-15
Added Net: Name=FAN5_ID1_STC
Added Pin To Net: NetName=FAN5_ID1_STM Pin=U5-6
Added Net: Name=FAN5_ID1_STM
Added Pin To Net: NetName=FAN5_ID2_STC Pin=U5-14
Added Net: Name=FAN5_ID2_STC
Added Pin To Net: NetName=FAN5_ID2_STM Pin=U5-7
Added Net: Name=FAN5_ID2_STM
Added Pin To Net: NetName=FAN5_ID3_STC Pin=U5-13
Added Net: Name=FAN5_ID3_STC
Added Pin To Net: NetName=FAN5_ID3_STM Pin=U5-8
Added Net: Name=FAN5_ID3_STM
Added Pin To Net: NetName=FAN6_ID1_STC Pin=U5-12
Added Net: Name=FAN6_ID1_STC
Added Pin To Net: NetName=FAN6_ID1_STM Pin=U5-9
Added Net: Name=FAN6_ID1_STM
Added Pin To Net: NetName=FAN6_ID2_STC Pin=U6-20
Added Net: Name=FAN6_ID2_STC
Added Pin To Net: NetName=FAN6_ID2_STM Pin=U6-1
Added Net: Name=FAN6_ID2_STM
Added Pin To Net: NetName=FAN6_ID3_STC Pin=U6-18
Added Net: Name=FAN6_ID3_STC
Added Pin To Net: NetName=FAN6_ID3_STM Pin=U6-3
Added Net: Name=FAN6_ID3_STM
Added Pin To Net: NetName=FAN7_ID1_STC Pin=U6-17
Added Net: Name=FAN7_ID1_STC
Added Pin To Net: NetName=FAN7_ID1_STM Pin=U6-4
Added Net: Name=FAN7_ID1_STM
Added Pin To Net: NetName=FAN7_ID2_STC Pin=U6-16
Added Net: Name=FAN7_ID2_STC
Added Pin To Net: NetName=FAN7_ID2_STM Pin=U6-5
Added Net: Name=FAN7_ID2_STM
Added Pin To Net: NetName=FAN7_ID3_STC Pin=U6-15
Added Net: Name=FAN7_ID3_STC
Added Pin To Net: NetName=FAN7_ID3_STM Pin=U6-6
Added Net: Name=FAN7_ID3_STM
Added Pin To Net: NetName=FAN8_ID1_STC Pin=U6-14
Added Net: Name=FAN8_ID1_STC
Added Pin To Net: NetName=FAN8_ID1_STM Pin=U6-7
Added Net: Name=FAN8_ID1_STM
Added Pin To Net: NetName=FAN8_ID2_STC Pin=U6-13
Added Net: Name=FAN8_ID2_STC
Added Pin To Net: NetName=FAN8_ID2_STM Pin=U6-8
Added Net: Name=FAN8_ID2_STM
Added Pin To Net: NetName=FAN8_ID3_STC Pin=U6-12
Added Net: Name=FAN8_ID3_STC
Added Pin To Net: NetName=FAN8_ID3_STM Pin=U6-9
Added Net: Name=FAN8_ID3_STM
Added Pin To Net: NetName=NetC12_2 Pin=C12-2
Added Pin To Net: NetName=NetC12_2 Pin=JP1-1
Added Pin To Net: NetName=NetC12_2 Pin=Q1-4
Added Pin To Net: NetName=NetC12_2 Pin=R7-2
Added Net: Name=NetC12_2
Added Pin To Net: NetName=NetR9_1 Pin=R9-1
Added Pin To Net: NetName=NetR9_1 Pin=R12-2
Added Pin To Net: NetName=NetR9_1 Pin=U？1-1
Added Net: Name=NetR9_1
Added Pin To Net: NetName=NetR14_2 Pin=R14-2
Added Pin To Net: NetName=NetR14_2 Pin=U？1-4
Added Net: Name=NetR14_2
Added Pin To Net: NetName=NetR15_1 Pin=R15-1
Added Pin To Net: NetName=NetR15_1 Pin=U？1-3
Added Net: Name=NetR15_1
Added Pin To Net: NetName=OE_1 Pin=R17-2
Added Pin To Net: NetName=OE_1 Pin=U3-10
Added Net: Name=OE_1
Added Pin To Net: NetName=OE_2 Pin=R19-2
Added Pin To Net: NetName=OE_2 Pin=U5-10
Added Net: Name=OE_2
Added Pin To Net: NetName=OE_3 Pin=R20-2
Added Pin To Net: NetName=OE_3 Pin=U6-10
Added Net: Name=OE_3
Added Pin To Net: NetName=VIN Pin=C12-1
Added Pin To Net: NetName=VIN Pin=Q1-1
Added Pin To Net: NetName=VIN Pin=Q1-2
Added Pin To Net: NetName=VIN Pin=R7-1
Added Net: Name=VIN
Added Member To Class: ClassName=PWR Member=Component C12 100nF/25V
Added Member To Class: ClassName=PWR Member=Component JP1 HDR-1X2
Added Member To Class: ClassName=PWR Member=Component Q1 Pmos_DFN8_5*6
Added Member To Class: ClassName=PWR Member=Component R7 10K 1%
Added Member To Class: ClassName=MCU Member=Component R17 10K 1%
Added Member To Class: ClassName=MCU Member=Component R18 10K 1%
Added Member To Class: ClassName=MCU Member=Component R19 10K 1%
Added Member To Class: ClassName=MCU Member=Component R20 10K 1%
Added Member To Class: ClassName=MCU Member=Component U4 STM32F103CBUX
Added Member To Class: ClassName=MCU Member=Component U5 TXS0108EPWR
Added Member To Class: ClassName=MCU Member=Component U6 TXS0108EPWR
Added Member To Class: ClassName=MCU Member=Component U？1 SI1021T
