Change Component Footprint: Designator=C1 Old Footprint=C0603_L New Footprint=C 0201_L
Change Component Footprint: Designator=C2 Old Footprint=C0603_L New Footprint=C 0201_L
Change Component Footprint: Designator=C3 Old Footprint=C0603_L New Footprint=C 0201_L
Change Component Footprint: Designator=C4 Old Footprint=C0603_L New Footprint=C 0201_L
Change Component Footprint: Designator=C5 Old Footprint=C0603_L New Footprint=C 0201_L
Change Component Footprint: Designator=C6 Old Footprint=C0603_L New Footprint=C 0201_L
Change Component Footprint: Designator=C7 Old Footprint=C0603_L New Footprint=C 0201_L
Change Component Footprint: Designator=C8 Old Footprint=C0603_L New Footprint=C 0201_L
Change Component Footprint: Designator=C9 Old Footprint=C0603_L New Footprint=C 0201_L
Change Component Footprint: Designator=C10 Old Footprint=C0603_L New Footprint=C 0201_L
Change Component Footprint: Designator=C11 Old Footprint=C0603_L New Footprint=C 0201_L
Change Component Footprint: Designator=C12 Old Footprint=c0603_l New Footprint=C 0201_L
Change Component Footprint: Designator=C13 Old Footprint=C0603_L New Footprint=C 0201_L
Change Component Footprint: Designator=C14 Old Footprint=C0603_L New Footprint=C 0201_L
Change Component Footprint: Designator=C15 Old Footprint=C0603_L New Footprint=C 0201_L
Change Component Footprint: Designator=C16 Old Footprint=C0603_L New Footprint=C 0201_L
Change Component Footprint: Designator=C17 Old Footprint=C0603_L New Footprint=C 0201_L
Change Component Footprint: Designator=C18 Old Footprint=C0603_L New Footprint=C 0201_L
Change Component Footprint: Designator=C19 Old Footprint=C0603_L New Footprint=C 0201_L
Change Component Footprint: Designator=C20 Old Footprint=C0603_L New Footprint=C 0201_L
Change Component Footprint: Designator=C21 Old Footprint=c0603_l New Footprint=C 0201_L
Change Component Footprint: Designator=C22 Old Footprint=c0603_l New Footprint=C 0201_L
Change Component Footprint: Designator=C26 Old Footprint=C0603_L New Footprint=C 0201_L
Change Component Footprint: Designator=C27 Old Footprint=C0603_L New Footprint=C 0201_L
Change Component Footprint: Designator=L1 Old Footprint=NR4020 New Footprint=L 0402_L
Change Component Footprint: Designator=R1 Old Footprint=R0603_L New Footprint=R 0201_L
Change Component Footprint: Designator=R2 Old Footprint=R0603_L New Footprint=R 0201_L
Change Component Footprint: Designator=R3 Old Footprint=R0603_L New Footprint=R 0201_L
Change Component Footprint: Designator=R4 Old Footprint=R0603_L New Footprint=R 0201_L
Change Component Footprint: Designator=R5 Old Footprint=R0603_L New Footprint=R 0201_L
Change Component Footprint: Designator=R6 Old Footprint=R0603_L New Footprint=R 0201_L
Change Component Footprint: Designator=R7 Old Footprint=r0603_l New Footprint=R 0201_L
Change Component Footprint: Designator=R8 Old Footprint=R0603_L New Footprint=R 0201_L
Change Component Footprint: Designator=R9 Old Footprint=R0603_L New Footprint=R 0201_L
Change Component Footprint: Designator=R10 Old Footprint=R0603_L New Footprint=R 0201_L
Change Component Footprint: Designator=R11 Old Footprint=R0603_L New Footprint=R 0201_L
Change Component Footprint: Designator=R12 Old Footprint=R0603_L New Footprint=R 0201_L
Change Component Footprint: Designator=R13 Old Footprint=R0603_L New Footprint=R 0201_L
Change Component Footprint: Designator=R14 Old Footprint=R0603_L New Footprint=R 0201_L
Change Component Footprint: Designator=R15 Old Footprint=R0603_L New Footprint=R 0201_L
Change Component Footprint: Designator=R16 Old Footprint=R0603_L New Footprint=R 0201_L
Change Component Footprint: Designator=R17 Old Footprint=R0603_L New Footprint=R 0201_L
Change Component Footprint: Designator=R18 Old Footprint=R0603_L New Footprint=R 0201_L
Change Component Footprint: Designator=R19 Old Footprint=R0603_L New Footprint=R 0201_L
Change Component Footprint: Designator=R20 Old Footprint=R0603_L New Footprint=R 0201_L
Change Component Footprint: Designator=JP2 Old Footprint=ÌùÆ¬ÅÅÄ¸2.54mm_½»´í_19P New Footprint=HDR2.54-LI-19P
Change Component Footprint: Designator=JP3 Old Footprint=ÌùÆ¬ÅÅÄ¸2.54mm_½»´í_19P New Footprint=HDR2.54-LI-19P
Change Component Comment : Designator=R8 Old Comment=0R 1% New Comment=1K 1%
Change Component Comment : Designator=C4 Old Comment=1uF/25V New Comment=Capacitor
Change Component Comment : Designator=R9 Old Comment=2.2K 1% New Comment=1K 1%
Change Component Comment : Designator=R10 Old Comment=2.2K 1% New Comment=1K 1%
Change Component Comment : Designator=C5 Old Comment=3.3nF/25V New Comment=Capacitor
Change Component Comment : Designator=R15 Old Comment=5.1K 1% New Comment=1K 1%
Change Component Comment : Designator=L1 Old Comment=8.2uH New Comment=10uH
Change Component Comment : Designator=R1 Old Comment=10K 1% New Comment=1K 1%
Change Component Comment : Designator=R4 Old Comment=10K 1% New Comment=1K 1%
Change Component Comment : Designator=R7 Old Comment=10K 1% New Comment=1K 1%
Change Component Comment : Designator=R16 Old Comment=10K 1% New Comment=1K 1%
Change Component Comment : Designator=R17 Old Comment=10K 1% New Comment=1K 1%
Change Component Comment : Designator=R18 Old Comment=10K 1% New Comment=1K 1%
Change Component Comment : Designator=R19 Old Comment=10K 1% New Comment=1K 1%
Change Component Comment : Designator=R20 Old Comment=10K 1% New Comment=1K 1%
Change Component Comment : Designator=C2 Old Comment=10uF/25V New Comment=Capacitor
Change Component Comment : Designator=C3 Old Comment=10uF/25V New Comment=Capacitor
Change Component Comment : Designator=R2 Old Comment=18.7K 1% New Comment=1K 1%
Change Component Comment : Designator=R6 Old Comment=19.1K 1% New Comment=1K 1%
Change Component Comment : Designator=C21 Old Comment=22pF/16V New Comment=Capacitor
Change Component Comment : Designator=C22 Old Comment=22pF/16V New Comment=Capacitor
Change Component Comment : Designator=C6 Old Comment=22uF/16V New Comment=Capacitor
Change Component Comment : Designator=C7 Old Comment=22uF/16V New Comment=Capacitor
Change Component Comment : Designator=C8 Old Comment=22uF/16V New Comment=Capacitor
Change Component Comment : Designator=C9 Old Comment=22uF/16V New Comment=Capacitor
Change Component Comment : Designator=C10 Old Comment=68pF/25V New Comment=Capacitor
Change Component Comment : Designator=R5 Old Comment=95.3K 1% New Comment=1K 1%
Change Component Comment : Designator=R3 Old Comment=100K 1% New Comment=1K 1%
Change Component Comment : Designator=C13 Old Comment=100nF/16V New Comment=Capacitor
Change Component Comment : Designator=C14 Old Comment=100nF/16V New Comment=Capacitor
Change Component Comment : Designator=C17 Old Comment=100nF/16V New Comment=Capacitor
Change Component Comment : Designator=C18 Old Comment=100nF/16V New Comment=Capacitor
Change Component Comment : Designator=C19 Old Comment=100nF/16V New Comment=Capacitor
Change Component Comment : Designator=C20 Old Comment=100nF/16V New Comment=Capacitor
Change Component Comment : Designator=C27 Old Comment=100nF/16V New Comment=Capacitor
Change Component Comment : Designator=C1 Old Comment=100nF/25V New Comment=Capacitor
Change Component Comment : Designator=C12 Old Comment=100nF/25V New Comment=Capacitor
Change Component Comment : Designator=C16 Old Comment=100nF/25V New Comment=Capacitor
Change Component Comment : Designator=R12 Old Comment=100R 1% New Comment=1K 1%
Change Component Comment : Designator=R13 Old Comment=100R 1% New Comment=1K 1%
Change Component Comment : Designator=R14 Old Comment=100R 1% New Comment=1K 1%
Change Component Comment : Designator=C15 Old Comment=220pF/25V New Comment=Capacitor
Change Component Comment : Designator=C26 Old Comment=330nF/16V New Comment=Capacitor
Change Component Comment : Designator=C11 Old Comment=560pF/25V New Comment=Capacitor
Added Pin To Net: NetName=VIN Pin=Q1-3
