Replace Part C1 C in H:\Project\ChangeoTEC\C95_TestBord\pcb\主控制板\ver0.2\ControllorBord\PWR.SchDoc with C from Capacitor.SchLib
Replace Part C2 C in H:\Project\ChangeoTEC\C95_TestBord\pcb\主控制板\ver0.2\ControllorBord\PWR.SchDoc with C from Capacitor.SchLib
Replace Part C3 C in H:\Project\ChangeoTEC\C95_TestBord\pcb\主控制板\ver0.2\ControllorBord\PWR.SchDoc with C from Capacitor.SchLib
Replace Part C4 C in H:\Project\ChangeoTEC\C95_TestBord\pcb\主控制板\ver0.2\ControllorBord\PWR.SchDoc with C from Capacitor.SchLib
Replace Part C5 C in H:\Project\ChangeoTEC\C95_TestBord\pcb\主控制板\ver0.2\ControllorBord\PWR.SchDoc with C from Capacitor.SchLib
Replace Part C6 C in H:\Project\ChangeoTEC\C95_TestBord\pcb\主控制板\ver0.2\ControllorBord\PWR.SchDoc with C from Capacitor.SchLib
Replace Part C7 C in H:\Project\ChangeoTEC\C95_TestBord\pcb\主控制板\ver0.2\ControllorBord\PWR.SchDoc with C from Capacitor.SchLib
Replace Part C8 C in H:\Project\ChangeoTEC\C95_TestBord\pcb\主控制板\ver0.2\ControllorBord\PWR.SchDoc with C from Capacitor.SchLib
Replace Part C9 C in H:\Project\ChangeoTEC\C95_TestBord\pcb\主控制板\ver0.2\ControllorBord\PWR.SchDoc with C from Capacitor.SchLib
Replace Part C10 C in H:\Project\ChangeoTEC\C95_TestBord\pcb\主控制板\ver0.2\ControllorBord\PWR.SchDoc with C from Capacitor.SchLib
Replace Part C11 C in H:\Project\ChangeoTEC\C95_TestBord\pcb\主控制板\ver0.2\ControllorBord\PWR.SchDoc with C from Capacitor.SchLib
Replace Part C12 C in H:\Project\ChangeoTEC\C95_TestBord\pcb\主控制板\ver0.2\ControllorBord\PWR.SchDoc with C from Capacitor.SchLib
Replace Part C26 C in H:\Project\ChangeoTEC\C95_TestBord\pcb\主控制板\ver0.2\ControllorBord\PWR.SchDoc with C from Capacitor.SchLib
Replace Part C27 C in H:\Project\ChangeoTEC\C95_TestBord\pcb\主控制板\ver0.2\ControllorBord\PWR.SchDoc with C from Capacitor.SchLib
Replace Part L1 L in H:\Project\ChangeoTEC\C95_TestBord\pcb\主控制板\ver0.2\ControllorBord\PWR.SchDoc with L from Inductor.SchLib
Replace Part Q1 Pmos_DFN8_5*6 in H:\Project\ChangeoTEC\C95_TestBord\pcb\主控制板\ver0.2\ControllorBord\PWR.SchDoc with Pmos_DFN8_5*6 from MOSFET BJT IGBT.SchLib
Replace Part R1 R in H:\Project\ChangeoTEC\C95_TestBord\pcb\主控制板\ver0.2\ControllorBord\PWR.SchDoc with R from Resistor.SchLib
Replace Part R2 R in H:\Project\ChangeoTEC\C95_TestBord\pcb\主控制板\ver0.2\ControllorBord\PWR.SchDoc with R from Resistor.SchLib
Replace Part R3 R in H:\Project\ChangeoTEC\C95_TestBord\pcb\主控制板\ver0.2\ControllorBord\PWR.SchDoc with R from Resistor.SchLib
Replace Part R4 R in H:\Project\ChangeoTEC\C95_TestBord\pcb\主控制板\ver0.2\ControllorBord\PWR.SchDoc with R from Resistor.SchLib
Replace Part R5 R in H:\Project\ChangeoTEC\C95_TestBord\pcb\主控制板\ver0.2\ControllorBord\PWR.SchDoc with R from Resistor.SchLib
Replace Part R6 R in H:\Project\ChangeoTEC\C95_TestBord\pcb\主控制板\ver0.2\ControllorBord\PWR.SchDoc with R from Resistor.SchLib
Replace Part R7 R in H:\Project\ChangeoTEC\C95_TestBord\pcb\主控制板\ver0.2\ControllorBord\PWR.SchDoc with R from Resistor.SchLib
Replace Part U1 TPS54335A-QFN in H:\Project\ChangeoTEC\C95_TestBord\pcb\主控制板\ver0.2\ControllorBord\PWR.SchDoc with TPS54335A-QFN from DCDC Convert.SchLib
Replace Part U2 78L33 in H:\Project\ChangeoTEC\C95_TestBord\pcb\主控制板\ver0.2\ControllorBord\PWR.SchDoc with 78L33 from LDO.SchLib
